Archive member included to satisfy reference by file (symbol)

d:/s32ds_3_5/s32ds/s32ds/build_tools/gcc_v10.2/gcc-10.2-arm32-eabi/bin/../lib/gcc/arm-none-eabi/10.2.0/thumb/v7e-m/nofp\libgcc.a(_arm_mulsf3.o)
                              ./src/main.o (__aeabi_fmul)
d:/s32ds_3_5/s32ds/s32ds/build_tools/gcc_v10.2/gcc-10.2-arm32-eabi/bin/../lib/gcc/arm-none-eabi/10.2.0/thumb/v7e-m/nofp\libgcc.a(_arm_addsubdf3.o)
                              ./src/main.o (__aeabi_f2d)
d:/s32ds_3_5/s32ds/s32ds/build_tools/gcc_v10.2/gcc-10.2-arm32-eabi/bin/../lib/gcc/arm-none-eabi/10.2.0/thumb/v7e-m/nofp\libgcc.a(_arm_addsubsf3.o)
                              ./src/main.o (__aeabi_i2f)
d:/s32ds_3_5/s32ds/s32ds/build_tools/gcc_v10.2/gcc-10.2-arm32-eabi/bin/../lib/gcc/arm-none-eabi/10.2.0/thumb/v7e-m/nofp\libgcc.a(_arm_muldivsf3.o)
                              ./src/main.o (__aeabi_fdiv)
d:/s32ds_3_5/s32ds/s32ds/build_tools/gcc_v10.2/gcc-10.2-arm32-eabi/bin/../lib/gcc/arm-none-eabi/10.2.0/thumb/v7e-m/nofp\libgcc.a(_aeabi_uldivmod.o)
                              ./src/lpuart1.o (__aeabi_uldivmod)
d:/s32ds_3_5/s32ds/s32ds/build_tools/gcc_v10.2/gcc-10.2-arm32-eabi/bin/../lib/gcc/arm-none-eabi/10.2.0/thumb/v7e-m/nofp\libgcc.a(_udivmoddi4.o)
                              d:/s32ds_3_5/s32ds/s32ds/build_tools/gcc_v10.2/gcc-10.2-arm32-eabi/bin/../lib/gcc/arm-none-eabi/10.2.0/thumb/v7e-m/nofp\libgcc.a(_aeabi_uldivmod.o) (__udivmoddi4)
d:/s32ds_3_5/s32ds/s32ds/build_tools/gcc_v10.2/gcc-10.2-arm32-eabi/bin/../lib/gcc/arm-none-eabi/10.2.0/thumb/v7e-m/nofp\libgcc.a(_dvmd_tls.o)
                              d:/s32ds_3_5/s32ds/s32ds/build_tools/gcc_v10.2/gcc-10.2-arm32-eabi/bin/../lib/gcc/arm-none-eabi/10.2.0/thumb/v7e-m/nofp\libgcc.a(_aeabi_uldivmod.o) (__aeabi_ldiv0)
d:/s32ds_3_5/s32ds/s32ds/build_tools/gcc_v10.2/gcc-10.2-arm32-eabi/bin/../lib/gcc/arm-none-eabi/10.2.0/../../../../arm-none-eabi/lib/thumb/v7e-m/nofp\libc.a(lib_a-exit.o)
                              d:/s32ds_3_5/s32ds/s32ds/build_tools/gcc_v10.2/gcc-10.2-arm32-eabi/bin/../lib/gcc/arm-none-eabi/10.2.0/../../../../arm-none-eabi/lib/thumb/v7e-m/nofp/crt0.o (exit)
d:/s32ds_3_5/s32ds/s32ds/build_tools/gcc_v10.2/gcc-10.2-arm32-eabi/bin/../lib/gcc/arm-none-eabi/10.2.0/../../../../arm-none-eabi/lib/thumb/v7e-m/nofp\libc.a(lib_a-impure.o)
                              d:/s32ds_3_5/s32ds/s32ds/build_tools/gcc_v10.2/gcc-10.2-arm32-eabi/bin/../lib/gcc/arm-none-eabi/10.2.0/../../../../arm-none-eabi/lib/thumb/v7e-m/nofp\libc.a(lib_a-exit.o) (_global_impure_ptr)
d:/s32ds_3_5/s32ds/s32ds/build_tools/gcc_v10.2/gcc-10.2-arm32-eabi/bin/../lib/gcc/arm-none-eabi/10.2.0/../../../../arm-none-eabi/lib/thumb/v7e-m/nofp\libc.a(lib_a-init.o)
                              d:/s32ds_3_5/s32ds/s32ds/build_tools/gcc_v10.2/gcc-10.2-arm32-eabi/bin/../lib/gcc/arm-none-eabi/10.2.0/../../../../arm-none-eabi/lib/thumb/v7e-m/nofp/crt0.o (__libc_init_array)
d:/s32ds_3_5/s32ds/s32ds/build_tools/gcc_v10.2/gcc-10.2-arm32-eabi/bin/../lib/gcc/arm-none-eabi/10.2.0/../../../../arm-none-eabi/lib/thumb/v7e-m/nofp\libc.a(lib_a-memset.o)
                              d:/s32ds_3_5/s32ds/s32ds/build_tools/gcc_v10.2/gcc-10.2-arm32-eabi/bin/../lib/gcc/arm-none-eabi/10.2.0/../../../../arm-none-eabi/lib/thumb/v7e-m/nofp/crt0.o (memset)
d:/s32ds_3_5/s32ds/s32ds/build_tools/gcc_v10.2/gcc-10.2-arm32-eabi/bin/../lib/gcc/arm-none-eabi/10.2.0/../../../../arm-none-eabi/lib/thumb/v7e-m/nofp\libc.a(lib_a-sprintf.o)
                              ./src/main.o (sprintf)
d:/s32ds_3_5/s32ds/s32ds/build_tools/gcc_v10.2/gcc-10.2-arm32-eabi/bin/../lib/gcc/arm-none-eabi/10.2.0/../../../../arm-none-eabi/lib/thumb/v7e-m/nofp\libc.a(lib_a-svfprintf.o)
                              d:/s32ds_3_5/s32ds/s32ds/build_tools/gcc_v10.2/gcc-10.2-arm32-eabi/bin/../lib/gcc/arm-none-eabi/10.2.0/../../../../arm-none-eabi/lib/thumb/v7e-m/nofp\libc.a(lib_a-sprintf.o) (_svfprintf_r)
d:/s32ds_3_5/s32ds/s32ds/build_tools/gcc_v10.2/gcc-10.2-arm32-eabi/bin/../lib/gcc/arm-none-eabi/10.2.0/../../../../arm-none-eabi/lib/thumb/v7e-m/nofp\libc.a(lib_a-__call_atexit.o)
                              d:/s32ds_3_5/s32ds/s32ds/build_tools/gcc_v10.2/gcc-10.2-arm32-eabi/bin/../lib/gcc/arm-none-eabi/10.2.0/../../../../arm-none-eabi/lib/thumb/v7e-m/nofp\libc.a(lib_a-exit.o) (__call_exitprocs)
d:/s32ds_3_5/s32ds/s32ds/build_tools/gcc_v10.2/gcc-10.2-arm32-eabi/bin/../lib/gcc/arm-none-eabi/10.2.0/../../../../arm-none-eabi/lib/thumb/v7e-m/nofp\libc.a(lib_a-dtoa.o)
                              d:/s32ds_3_5/s32ds/s32ds/build_tools/gcc_v10.2/gcc-10.2-arm32-eabi/bin/../lib/gcc/arm-none-eabi/10.2.0/../../../../arm-none-eabi/lib/thumb/v7e-m/nofp\libc.a(lib_a-svfprintf.o) (_dtoa_r)
d:/s32ds_3_5/s32ds/s32ds/build_tools/gcc_v10.2/gcc-10.2-arm32-eabi/bin/../lib/gcc/arm-none-eabi/10.2.0/../../../../arm-none-eabi/lib/thumb/v7e-m/nofp\libc.a(lib_a-fini.o)
[...]
Memory Configuration

Name             Origin             Length             Attributes
m_interrupts     0x00000000         0x00000400         xr
m_flash_config   0x00000400         0x00000010         xr
m_text           0x00000410         0x0007fbf0         xr
m_data           0x1fff8000         0x00008000         rw
m_data_2         0x20000000         0x00007000         rw
*default*        0x00000000         0xffffffff

Linker script and memory map

LOAD d:/s32ds_3_5/s32ds/s32ds/build_tools/gcc_v10.2/gcc-10.2-arm32-eabi/bin/../lib/gcc/arm-none-eabi/10.2.0/thumb/v7e-m/nofp/crti.o
LOAD d:/s32ds_3_5/s32ds/s32ds/build_tools/gcc_v10.2/gcc-10.2-arm32-eabi/bin/../lib/gcc/arm-none-eabi/10.2.0/thumb/v7e-m/nofp/crtbegin.o
LOAD d:/s32ds_3_5/s32ds/s32ds/build_tools/gcc_v10.2/gcc-10.2-arm32-eabi/bin/../lib/gcc/arm-none-eabi/10.2.0/../../../../arm-none-eabi/lib/thumb/v7e-m/nofp/crt0.o
LOAD ./Project_Settings/Startup_Code/startup.o
LOAD ./Project_Settings/Startup_Code/startup_S32K144.o
LOAD ./Project_Settings/Startup_Code/system_S32K144.o
LOAD ./src/clock_init.o
LOAD ./src/lpuart1.o
LOAD ./src/main.o
LOAD ./src/peripheral_init.o
START GROUP
LOAD d:/s32ds_3_5/s32ds/s32ds/build_tools/gcc_v10.2/gcc-10.2-arm32-eabi/bin/../lib/gcc/arm-none-eabi/10.2.0/thumb/v7e-m/nofp\libgcc.a
LOAD d:/s32ds_3_5/s32ds/s32ds/build_tools/gcc_v10.2/gcc-10.2-arm32-eabi/bin/../lib/gcc/arm-none-eabi/10.2.0/../../../../arm-none-eabi/lib/thumb/v7e-m/nofp\libc.a
END GROUP
START GROUP
LOAD d:/s32ds_3_5/s32ds/s32ds/build_tools/gcc_v10.2/gcc-10.2-arm32-eabi/bin/../lib/gcc/arm-none-eabi/10.2.0/thumb/v7e-m/nofp\libgcc.a
LOAD d:/s32ds_3_5/s32ds/s32ds/build_tools/gcc_v10.2/gcc-10.2-arm32-eabi/bin/../lib/gcc/arm-none-eabi/10.2.0/../../../../arm-none-eabi/lib/thumb/v7e-m/nofp\libc.a
LOAD d:/s32ds_3_5/s32ds/s32ds/build_tools/gcc_v10.2/gcc-10.2-arm32-eabi/bin/../lib/gcc/arm-none-eabi/10.2.0/../../../../arm-none-eabi/lib/thumb/v7e-m/nofp\libnosys.a
END GROUP
LOAD d:/s32ds_3_5/s32ds/s32ds/build_tools/gcc_v10.2/gcc-10.2-arm32-eabi/bin/../lib/gcc/arm-none-eabi/10.2.0/thumb/v7e-m/nofp/crtend.o
LOAD d:/s32ds_3_5/s32ds/s32ds/build_tools/gcc_v10.2/gcc-10.2-arm32-eabi/bin/../lib/gcc/arm-none-eabi/10.2.0/thumb/v7e-m/nofp/crtn.o
                0x00000400                HEAP_SIZE = DEFINED (__heap_size__)?__heap_size__:0x400
                0x00000400                STACK_SIZE = DEFINED (__stack_size__)?__stack_size__:0x400
                0x00000400                M_VECTOR_RAM_SIZE = DEFINED (__flash_vector_table__)?0x0:0x400

.interrupts     0x00000000      0x400
                0x00000000                __VECTOR_TABLE = .
                0x00000000                __interrupts_start__ = .
                0x00000000                . = ALIGN (0x4)
 *(.isr_vector)
 .isr_vector    0x00000000      0x400 ./Project_Settings/Startup_Code/startup_S32K144.o
                0x00000000                __isr_vector
                0x00000400                __interrupts_end__ = .
                0x00000400                . = ALIGN (0x4)

.flash_config   0x00000400       0x10
                0x00000400                . = ALIGN (0x4)
 *(.FlashConfig)
 .FlashConfig   0x00000400       0x10 ./Project_Settings/Startup_Code/startup_S32K144.o
                0x00000410                . = ALIGN (0x4)

.text           0x00000410     0x6424
                0x00000410                . = ALIGN (0x4)
 *(.text)
 .text          0x00000410       0x88 d:/s32ds_3_5/s32ds/s32ds/build_tools/gcc_v10.2/gcc-10.2-arm32-eabi/bin/../lib/gcc/arm-none-eabi/10.2.0/thumb/v7e-m/nofp/crtbegin.o
 .text          0x00000498       0x7c d:/s32ds_3_5/s32ds/s32ds/build_tools/gcc_v10.2/gcc-10.2-arm32-eabi/bin/../lib/gcc/arm-none-eabi/10.2.0/../../../../arm-none-eabi/lib/thumb/v7e-m/nofp/crt0.o
                0x00000498                _stack_init
                0x000004a0                _start
                0x000004a0                _mainCRTStartup
 .text          0x00000514       0x6c ./Project_Settings/Startup_Code/startup_S32K144.o
                0x00000514                Reset_Handler
                0x0000057c                DebugMon_Handler
                0x0000057c                Reserved88_IRQHandler
                0x0000057c                CAN0_ORed_IRQHandler
                0x0000057c                HardFault_Handler
                0x0000057c                Reserved86_IRQHandler
                0x0000057c                Reserved103_IRQHandler
                0x0000057c                SysTick_Handler
                0x0000057c                FTM2_Ovf_Reload_IRQHandler
                0x0000057c                Reserved50_IRQHandler
                0x0000057c                FTFC_Fault_IRQHandler
                0x0000057c                FTM0_Ch6_Ch7_IRQHandler
                0x0000057c                Reserved114_IRQHandler
                0x0000057c                PendSV_Handler
                0x0000057c                NMI_Handler
                0x0000057c                Reserved89_IRQHandler
                0x0000057c                ERM_double_fault_IRQHandler
                0x0000057c                DMA2_IRQHandler
                0x0000057c                Reserved59_IRQHandler
                0x0000057c                Reserved99_IRQHandler
                0x0000057c                FTM3_Ch6_Ch7_IRQHandler
                0x0000057c                CAN2_ORed_0_15_MB_IRQHandler
                0x0000057c                LPIT0_Ch3_IRQHandler
                0x0000057c                Reserved92_IRQHandler
                0x0000057c                FTM0_Ch4_Ch5_IRQHandler
                0x0000057c                CAN1_Error_IRQHandler
                0x0000057c                FTM3_Ch0_Ch1_IRQHandler
                0x0000057c                SWI_IRQHandler
                0x0000057c                FTM2_Ch4_Ch5_IRQHandler
                0x0000057c                UsageFault_Handler
                0x0000057c                FTM0_Ovf_Reload_IRQHandler
                0x0000057c                DefaultISR
                0x0000057c                DMA9_IRQHandler
                0x0000057c                Reserved58_IRQHandler
                0x0000057c                CAN1_ORed_0_15_MB_IRQHandler
                0x0000057c                FTM1_Ch2_Ch3_IRQHandler
                0x0000057c                DMA14_IRQHandler
                0x0000057c                Reserved82_IRQHandler
                0x0000057c                CAN0_ORed_16_31_MB_IRQHandler
                0x0000057c                LPI2C0_Slave_IRQHandler
                0x0000057c                Reserved71_IRQHandler
                0x0000057c                PORTD_IRQHandler
                0x0000057c                Reserved69_IRQHandler
                0x0000057c                PORTB_IRQHandler
                0x0000057c                Reserved70_IRQHandler
                0x0000057c                ADC1_IRQHandler
                0x0000057c                FTM2_Ch2_Ch3_IRQHandler
                0x0000057c                Reserved53_IRQHandler
                0x0000057c                DMA5_IRQHandler
                0x0000057c                RTC_IRQHandler
                0x0000057c                PDB0_IRQHandler
                0x0000057c                Reserved54_IRQHandler
                0x0000057c                FTM2_Ch6_Ch7_IRQHandler
                0x0000057c                FTM3_Ch2_Ch3_IRQHandler
                0x0000057c                FTM2_Ch0_Ch1_IRQHandler
                0x0000057c                LPSPI1_IRQHandler
                0x0000057c                RTC_Seconds_IRQHandler
                0x0000057c                CAN2_ORed_IRQHandler
                0x0000057c                Reserved72_IRQHandler
                0x0000057c                Reserved110_IRQHandler
                0x0000057c                DMA11_IRQHandler
                0x0000057c                Reserved107_IRQHandler
                0x0000057c                Read_Collision_IRQHandler
                0x0000057c                CAN2_Error_IRQHandler
                0x0000057c                FTFC_IRQHandler
                0x0000057c                DMA7_IRQHandler
                0x0000057c                FTM1_Ch6_Ch7_IRQHandler
                0x0000057c                Reserved105_IRQHandler
                0x0000057c                LPIT0_Ch1_IRQHandler
                0x0000057c                FTM1_Ch4_Ch5_IRQHandler
                0x0000057c                FTM3_Ovf_Reload_IRQHandler
                0x0000057c                LPUART2_RxTx_IRQHandler
                0x0000057c                LPSPI0_IRQHandler
                0x0000057c                WDOG_EWM_IRQHandler
                0x0000057c                MemManage_Handler
                0x0000057c                Reserved90_IRQHandler
                0x0000057c                Reserved83_IRQHandler
                0x0000057c                FTM0_Fault_IRQHandler
                0x0000057c                Reserved48_IRQHandler
                0x0000057c                SVC_Handler
                0x0000057c                ERM_single_fault_IRQHandler
                0x0000057c                FTM2_Fault_IRQHandler
                0x0000057c                FTM0_Ch2_Ch3_IRQHandler
                0x0000057c                DMA13_IRQHandler
                0x0000057c                FTM0_Ch0_Ch1_IRQHandler
                0x0000057c                FTM3_Fault_IRQHandler
                0x0000057c                RCM_IRQHandler
                0x0000057c                DMA3_IRQHandler
                0x0000057c                Reserved100_IRQHandler
                0x0000057c                DMA0_IRQHandler
                0x0000057c                Reserved91_IRQHandler
                0x0000057c                CAN1_ORed_IRQHandler
                0x0000057c                DMA15_IRQHandler
                0x0000057c                SCG_IRQHandler
                0x0000057c                PDB1_IRQHandler
                0x0000057c                Reserved81_IRQHandler
                0x0000057c                Reserved46_IRQHandler
                0x0000057c                Reserved45_IRQHandler
                0x0000057c                CAN0_Error_IRQHandler
                0x0000057c                Reserved112_IRQHandler
                0x0000057c                LPI2C0_Master_IRQHandler
                0x0000057c                DMA4_IRQHandler
                0x0000057c                FTM1_Fault_IRQHandler
                0x0000057c                Reserved106_IRQHandler
                0x0000057c                DMA_Error_IRQHandler
                0x0000057c                LVD_LVW_IRQHandler
                0x0000057c                LPIT0_Ch2_IRQHandler
                0x0000057c                PORTA_IRQHandler
                0x0000057c                MCM_IRQHandler
                0x0000057c                LPSPI2_IRQHandler
                0x0000057c                DMA12_IRQHandler
                0x0000057c                FTM3_Ch4_Ch5_IRQHandler
                0x0000057c                CAN0_ORed_0_15_MB_IRQHandler
                0x0000057c                PORTE_IRQHandler
                0x0000057c                LPUART0_RxTx_IRQHandler
                0x0000057c                LPTMR0_IRQHandler
                0x0000057c                BusFault_Handler
                0x0000057c                Reserved87_IRQHandler
                0x0000057c                FTM1_Ovf_Reload_IRQHandler
                0x0000057c                DMA8_IRQHandler
                0x0000057c                Reserved93_IRQHandler
                0x0000057c                DMA10_IRQHandler
                0x0000057c                CAN0_Wake_Up_IRQHandler
                0x0000057c                CMP0_IRQHandler
                0x0000057c                Reserved52_IRQHandler
                0x0000057c                PORTC_IRQHandler
                0x0000057c                DMA6_IRQHandler
                0x0000057c                FTM1_Ch0_Ch1_IRQHandler
                0x0000057c                FLEXIO_IRQHandler
                0x0000057c                DMA1_IRQHandler
                0x0000057c                Reserved113_IRQHandler
 .text          0x00000580      0x378 d:/s32ds_3_5/s32ds/s32ds/build_tools/gcc_v10.2/gcc-10.2-arm32-eabi/bin/../lib/gcc/arm-none-eabi/10.2.0/thumb/v7e-m/nofp\libgcc.a(_arm_addsubdf3.o)
                0x00000580                __aeabi_drsub
                0x00000588                __aeabi_dsub
                0x00000588                __subdf3
                0x0000058c                __aeabi_dadd
                0x0000058c                __adddf3
                0x00000804                __floatunsidf
                0x00000804                __aeabi_ui2d
                0x00000824                __floatsidf
                0x00000824                __aeabi_i2d
                0x00000848                __aeabi_f2d
                0x00000848                __extendsfdf2
                0x0000088c                __floatundidf
                0x0000088c                __aeabi_ul2d
                0x0000089c                __floatdidf
                0x0000089c                __aeabi_l2d
 .text          0x000008f8      0x21c d:/s32ds_3_5/s32ds/s32ds/build_tools/gcc_v10.2/gcc-10.2-arm32-eabi/bin/../lib/gcc/arm-none-eabi/10.2.0/thumb/v7e-m/nofp\libgcc.a(_arm_addsubsf3.o)
                0x000008f8                __aeabi_frsub
                0x00000900                __subsf3
                0x00000900                __aeabi_fsub
                0x00000904                __aeabi_fadd
                0x00000904                __addsf3
                0x00000a64                __aeabi_ui2f
                0x00000a64                __floatunsisf
                0x00000a6c                __aeabi_i2f
                0x00000a6c                __floatsisf
                0x00000a88                __aeabi_ul2f
                0x00000a88                __floatundisf
                0x00000a98                __aeabi_l2f
                0x00000a98                __floatdisf
 .text          0x00000b14      0x2a0 d:/s32ds_3_5/s32ds/s32ds/build_tools/gcc_v10.2/gcc-10.2-arm32-eabi/bin/../lib/gcc/arm-none-eabi/10.2.0/thumb/v7e-m/nofp\libgcc.a(_arm_muldivsf3.o)
                0x00000b14                __mulsf3
                0x00000b14                __aeabi_fmul
                0x00000c7c                __aeabi_fdiv
                0x00000c7c                __divsf3
 .text          0x00000db4       0x30 d:/s32ds_3_5/s32ds/s32ds/build_tools/gcc_v10.2/gcc-10.2-arm32-eabi/bin/../lib/gcc/arm-none-eabi/10.2.0/thumb/v7e-m/nofp\libgcc.a(_aeabi_uldivmod.o)
                0x00000db4                __aeabi_uldivmod
 .text          0x00000de4      0x2d8 d:/s32ds_3_5/s32ds/s32ds/build_tools/gcc_v10.2/gcc-10.2-arm32-eabi/bin/../lib/gcc/arm-none-eabi/10.2.0/thumb/v7e-m/nofp\libgcc.a(_udivmoddi4.o)
                0x00000de4                __udivmoddi4
 .text          0x000010bc        0x4 d:/s32ds_3_5/s32ds/s32ds/build_tools/gcc_v10.2/gcc-10.2-arm32-eabi/bin/../lib/gcc/arm-none-eabi/10.2.0/thumb/v7e-m/nofp\libgcc.a(_dvmd_tls.o)
                0x000010bc                __aeabi_idiv0
                0x000010bc                __aeabi_ldiv0
 .text          0x000010c0       0xa0 d:/s32ds_3_5/s32ds/s32ds/build_tools/gcc_v10.2/gcc-10.2-arm32-eabi/bin/../lib/gcc/arm-none-eabi/10.2.0/../../../../arm-none-eabi/lib/thumb/v7e-m/nofp\libc.a(lib_a-memchr.o)
                0x000010c0                memchr
 .text          0x00001160       0x10 d:/s32ds_3_5/s32ds/s32ds/build_tools/gcc_v10.2/gcc-10.2-arm32-eabi/bin/../lib/gcc/arm-none-eabi/10.2.0/../../../../arm-none-eabi/lib/thumb/v7e-m/nofp\libc.a(lib_a-strlen.o)
                0x00001160                strlen
 .text          0x00001170      0x424 d:/s32ds_3_5/s32ds/s32ds/build_tools/gcc_v10.2/gcc-10.2-arm32-eabi/bin/../lib/gcc/arm-none-eabi/10.2.0/thumb/v7e-m/nofp\libgcc.a(_arm_muldivdf3.o)
                0x00001170                __aeabi_dmul
                0x00001170                __muldf3
                0x000013c4                __divdf3
                0x000013c4                __aeabi_ddiv
 .text          0x00001594      0x110 d:/s32ds_3_5/s32ds/s32ds/build_tools/gcc_v10.2/gcc-10.2-arm32-eabi/bin/../lib/gcc/arm-none-eabi/10.2.0/thumb/v7e-m/nofp\libgcc.a(_arm_cmpdf2.o)
                0x00001594                __gtdf2
                0x00001594                __gedf2
                0x0000159c                __ltdf2
                0x0000159c                __ledf2
                0x000015a4                __nedf2
                0x000015a4                __eqdf2
                0x000015a4                __cmpdf2
                0x00001620                __aeabi_cdrcmple
                0x00001630                __aeabi_cdcmpeq
                0x00001630                __aeabi_cdcmple
                0x00001640                __aeabi_dcmpeq
                0x00001654                __aeabi_dcmplt
                0x00001668                __aeabi_dcmple
                0x0000167c                __aeabi_dcmpge
                0x00001690                __aeabi_dcmpgt
 .text          0x000016a4       0x2c d:/s32ds_3_5/s32ds/s32ds/build_tools/gcc_v10.2/gcc-10.2-arm32-eabi/bin/../lib/gcc/arm-none-eabi/10.2.0/thumb/v7e-m/nofp\libgcc.a(_arm_unorddf2.o)
                0x000016a4                __unorddf2
                0x000016a4                __aeabi_dcmpun
 .text          0x000016d0       0x50 d:/s32ds_3_5/s32ds/s32ds/build_tools/gcc_v10.2/gcc-10.2-arm32-eabi/bin/../lib/gcc/arm-none-eabi/10.2.0/thumb/v7e-m/nofp\libgcc.a(_arm_fixdfsi.o)
                0x000016d0                __aeabi_d2iz
                0x000016d0                __fixdfsi
 *(.text*)
 .text.init_data_bss
                0x00001720      0x128 ./Project_Settings/Startup_Code/startup.o
                0x00001720                init_data_bss
 .text.SystemInit
                0x00001848       0x30 ./Project_Settings/Startup_Code/system_S32K144.o
                0x00001848                SystemInit
 .text.SOSC_Init
                0x00001878       0x78 ./src/clock_init.o
                0x00001878                SOSC_Init
 .text.SPLL_Init
                0x000018f0       0x6c ./src/clock_init.o
                0x000018f0                SPLL_Init
 .text.NormalRUNmode
                0x0000195c       0x2c ./src/clock_init.o
                0x0000195c                NormalRUNmode
 .text.init_uart
                0x00001988      0x190 ./src/lpuart1.o
                0x00001988                init_uart
 .text.LPUART1_send_character
                0x00001b18       0x2c ./src/lpuart1.o
                0x00001b18                LPUART1_send_character
 .text.enable_irq
                0x00001b44       0x30 ./src/lpuart1.o
                0x00001b44                enable_irq
 .text.cacul_baudrate
                0x00001b74       0xfa ./src/lpuart1.o
                0x00001b74                cacul_baudrate
 *fill*         0x00001c6e        0x2 
 .text.LPUART1_RxTx_IRQHandler
                0x00001c70       0x44 ./src/lpuart1.o
                0x00001c70                LPUART1_RxTx_IRQHandler
 .text.LPUART1_send_string
                0x00001cb4       0x38 ./src/lpuart1.o
                0x00001cb4                LPUART1_send_string
 .text.NVIC_IRQ_Init
                0x00001cec       0x50 ./src/main.o
                0x00001cec                NVIC_IRQ_Init
 .text.send_adc_via_uart
                0x00001d3c       0x5c ./src/main.o
                0x00001d3c                send_adc_via_uart
 .text.main     0x00001d98       0x70 ./src/main.o
                0x00001d98                main
 .text.LPIT0_Ch0_IRQHandler
                0x00001e08       0x2c ./src/main.o
                0x00001e08                LPIT0_Ch0_IRQHandler
 .text.ADC0_IRQHandler
                0x00001e34       0x48 ./src/main.o
                0x00001e34                ADC0_IRQHandler
 .text.PORT_Init
                0x00001e7c       0x54 ./src/peripheral_init.o
                0x00001e7c                PORT_Init
 .text.convertAdcChan
                0x00001ed0       0x34 ./src/peripheral_init.o
                0x00001ed0                convertAdcChan
 .text.LPIT0_init_100ms
                0x00001f04       0x78 ./src/peripheral_init.o
                0x00001f04                LPIT0_init_100ms
 .text.ADC0_Init
                0x00001f7c       0x60 ./src/peripheral_init.o
                0x00001f7c                ADC0_Init
 .text.exit     0x00001fdc       0x20 d:/s32ds_3_5/s32ds/s32ds/build_tools/gcc_v10.2/gcc-10.2-arm32-eabi/bin/../lib/gcc/arm-none-eabi/10.2.0/../../../../arm-none-eabi/lib/thumb/v7e-m/nofp\libc.a(lib_a-exit.o)
                0x00001fdc                exit
 .text.__libc_init_array
                0x00001ffc       0x48 d:/s32ds_3_5/s32ds/s32ds/build_tools/gcc_v10.2/gcc-10.2-arm32-eabi/bin/../lib/gcc/arm-none-eabi/10.2.0/../../../../arm-none-eabi/lib/thumb/v7e-m/nofp\libc.a(lib_a-init.o)
                0x00001ffc                __libc_init_array
 .text.memset   0x00002044       0x10 d:/s32ds_3_5/s32ds/s32ds/build_tools/gcc_v10.2/gcc-10.2-arm32-eabi/bin/../lib/gcc/arm-none-eabi/10.2.0/../../../../arm-none-eabi/lib/thumb/v7e-m/nofp\libc.a(lib_a-memset.o)
                0x00002044                memset
 .text.sprintf  0x00002054       0x40 d:/s32ds_3_5/s32ds/s32ds/build_tools/gcc_v10.2/gcc-10.2-arm32-eabi/bin/../lib/gcc/arm-none-eabi/10.2.0/../../../../arm-none-eabi/lib/thumb/v7e-m/nofp\libc.a(lib_a-sprintf.o)
                0x00002054                sprintf
 .text._svfprintf_r
                0x00002094      0xfb0 d:/s32ds_3_5/s32ds/s32ds/build_tools/gcc_v10.2/gcc-10.2-arm32-eabi/bin/../lib/gcc/arm-none-eabi/10.2.0/../../../../arm-none-eabi/lib/thumb/v7e-m/nofp\libc.a(lib_a-svfprintf.o)
                0x00002094                _svfprintf_r
 .text.startup.register_fini
                0x00003044       0x14 d:/s32ds_3_5/s32ds/s32ds/build_tools/gcc_v10.2/gcc-10.2-arm32-eabi/bin/../lib/gcc/arm-none-eabi/10.2.0/../../../../arm-none-eabi/lib/thumb/v7e-m/nofp\libc.a(lib_a-__call_atexit.o)
 .text.__call_exitprocs
                0x00003058       0xa4 d:/s32ds_3_5/s32ds/s32ds/build_tools/gcc_v10.2/gcc-10.2-arm32-eabi/bin/../lib/gcc/arm-none-eabi/10.2.0/../../../../arm-none-eabi/lib/thumb/v7e-m/nofp\libc.a(lib_a-__call_atexit.o)
                0x00003058                __call_exitprocs
 .text.quorem   0x000030fc      0x10e d:/s32ds_3_5/s32ds/s32ds/build_tools/gcc_v10.2/gcc-10.2-arm32-eabi/bin/../lib/gcc/arm-none-eabi/10.2.0/../../../../arm-none-eabi/lib/thumb/v7e-m/nofp\libc.a(lib_a-dtoa.o)
 *fill*         0x0000320a        0x6 
 .text._dtoa_r  0x00003210      0xb6c d:/s32ds_3_5/s32ds/s32ds/build_tools/gcc_v10.2/gcc-10.2-arm32-eabi/bin/../lib/gcc/arm-none-eabi/10.2.0/../../../../arm-none-eabi/lib/thumb/v7e-m/nofp\libc.a(lib_a-dtoa.o)
                0x00003210                _dtoa_r
 .text.__libc_fini_array
                0x00003d7c       0x28 d:/s32ds_3_5/s32ds/s32ds/build_tools/gcc_v10.2/gcc-10.2-arm32-eabi/bin/../lib/gcc/arm-none-eabi/10.2.0/../../../../arm-none-eabi/lib/thumb/v7e-m/nofp\libc.a(lib_a-fini.o)
                0x00003d7c                __libc_fini_array
 .text._localeconv_r
                0x00003da4        0x8 d:/s32ds_3_5/s32ds/s32ds/build_tools/gcc_v10.2/gcc-10.2-arm32-eabi/bin/../lib/gcc/arm-none-eabi/10.2.0/../../../../arm-none-eabi/lib/thumb/v7e-m/nofp\libc.a(lib_a-localeconv.o)
                0x00003da4                _localeconv_r
 .text.__locale_mb_cur_max
                0x00003dac        0xc d:/s32ds_3_5/s32ds/s32ds/build_tools/gcc_v10.2/gcc-10.2-arm32-eabi/bin/../lib/gcc/arm-none-eabi/10.2.0/../../../../arm-none-eabi/lib/thumb/v7e-m/nofp\libc.a(lib_a-locale.o)
                0x00003dac                __locale_mb_cur_max
 .text._malloc_r
                0x00003db8      0x474 d:/s32ds_3_5/s32ds/s32ds/build_tools/gcc_v10.2/gcc-10.2-arm32-eabi/bin/../lib/gcc/arm-none-eabi/10.2.0/../../../../arm-none-eabi/lib/thumb/v7e-m/nofp\libc.a(lib_a-mallocr.o)
                0x00003db8                _malloc_r
 .text.__ascii_mbtowc
                0x0000422c       0x24 d:/s32ds_3_5/s32ds/s32ds/build_tools/gcc_v10.2/gcc-10.2-arm32-eabi/bin/../lib/gcc/arm-none-eabi/10.2.0/../../../../arm-none-eabi/lib/thumb/v7e-m/nofp\libc.a(lib_a-mbtowc_r.o)
                0x0000422c                __ascii_mbtowc
 .text.memcpy   0x00004250       0x1c d:/s32ds_3_5/s32ds/s32ds/build_tools/gcc_v10.2/gcc-10.2-arm32-eabi/bin/../lib/gcc/arm-none-eabi/10.2.0/../../../../arm-none-eabi/lib/thumb/v7e-m/nofp\libc.a(lib_a-memcpy-stub.o)
                0x00004250                memcpy
 .text.__malloc_lock
                0x0000426c        0x2 d:/s32ds_3_5/s32ds/s32ds/build_tools/gcc_v10.2/gcc-10.2-arm32-eabi/bin/../lib/gcc/arm-none-eabi/10.2.0/../../../../arm-none-eabi/lib/thumb/v7e-m/nofp\libc.a(lib_a-mlock.o)
                0x0000426c                __malloc_lock
 .text.__malloc_unlock
                0x0000426e        0x2 d:/s32ds_3_5/s32ds/s32ds/build_tools/gcc_v10.2/gcc-10.2-arm32-eabi/bin/../lib/gcc/arm-none-eabi/10.2.0/../../../../arm-none-eabi/lib/thumb/v7e-m/nofp\libc.a(lib_a-mlock.o)
                0x0000426e                __malloc_unlock
 .text._Balloc  0x00004270       0x4a d:/s32ds_3_5/s32ds/s32ds/build_tools/gcc_v10.2/gcc-10.2-arm32-eabi/bin/../lib/gcc/arm-none-eabi/10.2.0/../../../../arm-none-eabi/lib/thumb/v7e-m/nofp\libc.a(lib_a-mprec.o)
                0x00004270                _Balloc
 .text._Bfree   0x000042ba       0x12 d:/s32ds_3_5/s32ds/s32ds/build_tools/gcc_v10.2/gcc-10.2-arm32-eabi/bin/../lib/gcc/arm-none-eabi/10.2.0/../../../../arm-none-eabi/lib/thumb/v7e-m/nofp\libc.a(lib_a-mprec.o)
                0x000042ba                _Bfree
 .text.__multadd
                0x000042cc       0x8c d:/s32ds_3_5/s32ds/s32ds/build_tools/gcc_v10.2/gcc-10.2-arm32-eabi/bin/../lib/gcc/arm-none-eabi/10.2.0/../../../../arm-none-eabi/lib/thumb/v7e-m/nofp\libc.a(lib_a-mprec.o)
                0x000042cc                __multadd
 .text.__hi0bits
                0x00004358       0x40 d:/s32ds_3_5/s32ds/s32ds/build_tools/gcc_v10.2/gcc-10.2-arm32-eabi/bin/../lib/gcc/arm-none-eabi/10.2.0/../../../../arm-none-eabi/lib/thumb/v7e-m/nofp\libc.a(lib_a-mprec.o)
                0x00004358                __hi0bits
 .text.__lo0bits
                0x00004398       0x5a d:/s32ds_3_5/s32ds/s32ds/build_tools/gcc_v10.2/gcc-10.2-arm32-eabi/bin/../lib/gcc/arm-none-eabi/10.2.0/../../../../arm-none-eabi/lib/thumb/v7e-m/nofp\libc.a(lib_a-mprec.o)
                0x00004398                __lo0bits
 *fill*         0x000043f2        0x2 
 .text.__i2b    0x000043f4       0x2c d:/s32ds_3_5/s32ds/s32ds/build_tools/gcc_v10.2/gcc-10.2-arm32-eabi/bin/../lib/gcc/arm-none-eabi/10.2.0/../../../../arm-none-eabi/lib/thumb/v7e-m/nofp\libc.a(lib_a-mprec.o)
                0x000043f4                __i2b
 .text.__multiply
                0x00004420      0x150 d:/s32ds_3_5/s32ds/s32ds/build_tools/gcc_v10.2/gcc-10.2-arm32-eabi/bin/../lib/gcc/arm-none-eabi/10.2.0/../../../../arm-none-eabi/lib/thumb/v7e-m/nofp\libc.a(lib_a-mprec.o)
                0x00004420                __multiply
 .text.__pow5mult
                0x00004570       0x80 d:/s32ds_3_5/s32ds/s32ds/build_tools/gcc_v10.2/gcc-10.2-arm32-eabi/bin/../lib/gcc/arm-none-eabi/10.2.0/../../../../arm-none-eabi/lib/thumb/v7e-m/nofp\libc.a(lib_a-mprec.o)
                0x00004570                __pow5mult
 .text.__lshift
                0x000045f0       0xe0 d:/s32ds_3_5/s32ds/s32ds/build_tools/gcc_v10.2/gcc-10.2-arm32-eabi/bin/../lib/gcc/arm-none-eabi/10.2.0/../../../../arm-none-eabi/lib/thumb/v7e-m/nofp\libc.a(lib_a-mprec.o)
                0x000045f0                __lshift
 .text.__mcmp   0x000046d0       0x36 d:/s32ds_3_5/s32ds/s32ds/build_tools/gcc_v10.2/gcc-10.2-arm32-eabi/bin/../lib/gcc/arm-none-eabi/10.2.0/../../../../arm-none-eabi/lib/thumb/v7e-m/nofp\libc.a(lib_a-mprec.o)
                0x000046d0                __mcmp
 *fill*         0x00004706        0x2 
 .text.__mdiff  0x00004708      0x110 d:/s32ds_3_5/s32ds/s32ds/build_tools/gcc_v10.2/gcc-10.2-arm32-eabi/bin/../lib/gcc/arm-none-eabi/10.2.0/../../../../arm-none-eabi/lib/thumb/v7e-m/nofp\libc.a(lib_a-mprec.o)
                0x00004708                __mdiff
 .text.__d2b    0x00004818       0xb8 d:/s32ds_3_5/s32ds/s32ds/build_tools/gcc_v10.2/gcc-10.2-arm32-eabi/bin/../lib/gcc/arm-none-eabi/10.2.0/../../../../arm-none-eabi/lib/thumb/v7e-m/nofp\libc.a(lib_a-mprec.o)
                0x00004818                __d2b
 .text._sbrk_r  0x000048d0       0x20 d:/s32ds_3_5/s32ds/s32ds/build_tools/gcc_v10.2/gcc-10.2-arm32-eabi/bin/../lib/gcc/arm-none-eabi/10.2.0/../../../../arm-none-eabi/lib/thumb/v7e-m/nofp\libc.a(lib_a-sbrkr.o)
                0x000048d0                _sbrk_r
 .text.__ssprint_r
                0x000048f0       0xf6 d:/s32ds_3_5/s32ds/s32ds/build_tools/gcc_v10.2/gcc-10.2-arm32-eabi/bin/../lib/gcc/arm-none-eabi/10.2.0/../../../../arm-none-eabi/lib/thumb/v7e-m/nofp\libc.a(lib_a-svfiprintf.o)
                0x000048f0                __ssprint_r
 .text.__ascii_wctomb
                0x000049e6       0x1a d:/s32ds_3_5/s32ds/s32ds/build_tools/gcc_v10.2/gcc-10.2-arm32-eabi/bin/../lib/gcc/arm-none-eabi/10.2.0/../../../../arm-none-eabi/lib/thumb/v7e-m/nofp\libc.a(lib_a-wctomb_r.o)
                0x000049e6                __ascii_wctomb
 .text.__assert_func
                0x00004a00       0x3c d:/s32ds_3_5/s32ds/s32ds/build_tools/gcc_v10.2/gcc-10.2-arm32-eabi/bin/../lib/gcc/arm-none-eabi/10.2.0/../../../../arm-none-eabi/lib/thumb/v7e-m/nofp\libc.a(lib_a-assert.o)
                0x00004a00                __assert_func
 .text.atexit   0x00004a3c        0xc d:/s32ds_3_5/s32ds/s32ds/build_tools/gcc_v10.2/gcc-10.2-arm32-eabi/bin/../lib/gcc/arm-none-eabi/10.2.0/../../../../arm-none-eabi/lib/thumb/v7e-m/nofp\libc.a(lib_a-atexit.o)
                0x00004a3c                atexit
 .text._calloc_r
                0x00004a48       0x5a d:/s32ds_3_5/s32ds/s32ds/build_tools/gcc_v10.2/gcc-10.2-arm32-eabi/bin/../lib/gcc/arm-none-eabi/10.2.0/../../../../arm-none-eabi/lib/thumb/v7e-m/nofp\libc.a(lib_a-callocr.o)
                0x00004a48                _calloc_r
 *fill*         0x00004aa2        0x2 
 .text.fiprintf
                0x00004aa4       0x24 d:/s32ds_3_5/s32ds/s32ds/build_tools/gcc_v10.2/gcc-10.2-arm32-eabi/bin/../lib/gcc/arm-none-eabi/10.2.0/../../../../arm-none-eabi/lib/thumb/v7e-m/nofp\libc.a(lib_a-fiprintf.o)
                0x00004aa4                fiprintf
 .text._malloc_trim_r
                0x00004ac8       0xa0 d:/s32ds_3_5/s32ds/s32ds/build_tools/gcc_v10.2/gcc-10.2-arm32-eabi/bin/../lib/gcc/arm-none-eabi/10.2.0/../../../../arm-none-eabi/lib/thumb/v7e-m/nofp\libc.a(lib_a-freer.o)
                0x00004ac8                _malloc_trim_r
 .text._free_r  0x00004b68      0x180 d:/s32ds_3_5/s32ds/s32ds/build_tools/gcc_v10.2/gcc-10.2-arm32-eabi/bin/../lib/gcc/arm-none-eabi/10.2.0/../../../../arm-none-eabi/lib/thumb/v7e-m/nofp\libc.a(lib_a-freer.o)
                0x00004b68                _free_r
 .text.memmove  0x00004ce8       0x34 d:/s32ds_3_5/s32ds/s32ds/build_tools/gcc_v10.2/gcc-10.2-arm32-eabi/bin/../lib/gcc/arm-none-eabi/10.2.0/../../../../arm-none-eabi/lib/thumb/v7e-m/nofp\libc.a(lib_a-memmove.o)
                0x00004ce8                memmove
 .text._realloc_r
                0x00004d1c      0x348 d:/s32ds_3_5/s32ds/s32ds/build_tools/gcc_v10.2/gcc-10.2-arm32-eabi/bin/../lib/gcc/arm-none-eabi/10.2.0/../../../../arm-none-eabi/lib/thumb/v7e-m/nofp\libc.a(lib_a-reallocr.o)
                0x00004d1c                _realloc_r
 .text.__sprint_r
                0x00005064       0x64 d:/s32ds_3_5/s32ds/s32ds/build_tools/gcc_v10.2/gcc-10.2-arm32-eabi/bin/../lib/gcc/arm-none-eabi/10.2.0/../../../../arm-none-eabi/lib/thumb/v7e-m/nofp\libc.a(lib_a-vfiprintf.o)
                0x00005064                __sprint_r
 .text._vfiprintf_r
                0x000050c8      0x860 d:/s32ds_3_5/s32ds/s32ds/build_tools/gcc_v10.2/gcc-10.2-arm32-eabi/bin/../lib/gcc/arm-none-eabi/10.2.0/../../../../arm-none-eabi/lib/thumb/v7e-m/nofp\libc.a(lib_a-vfiprintf.o)
                0x000050c8                _vfiprintf_r
 .text.__sbprintf
                0x00005928       0x6c d:/s32ds_3_5/s32ds/s32ds/build_tools/gcc_v10.2/gcc-10.2-arm32-eabi/bin/../lib/gcc/arm-none-eabi/10.2.0/../../../../arm-none-eabi/lib/thumb/v7e-m/nofp\libc.a(lib_a-vfiprintf.o)
 .text.__swsetup_r
                0x00005994       0xb0 d:/s32ds_3_5/s32ds/s32ds/build_tools/gcc_v10.2/gcc-10.2-arm32-eabi/bin/../lib/gcc/arm-none-eabi/10.2.0/../../../../arm-none-eabi/lib/thumb/v7e-m/nofp\libc.a(lib_a-wsetup.o)
                0x00005994                __swsetup_r
 .text.abort    0x00005a44        0xe d:/s32ds_3_5/s32ds/s32ds/build_tools/gcc_v10.2/gcc-10.2-arm32-eabi/bin/../lib/gcc/arm-none-eabi/10.2.0/../../../../arm-none-eabi/lib/thumb/v7e-m/nofp\libc.a(lib_a-abort.o)
                0x00005a44                abort
 *fill*         0x00005a52        0x2 
 .text.__register_exitproc
                0x00005a54       0x64 d:/s32ds_3_5/s32ds/s32ds/build_tools/gcc_v10.2/gcc-10.2-arm32-eabi/bin/../lib/gcc/arm-none-eabi/10.2.0/../../../../arm-none-eabi/lib/thumb/v7e-m/nofp\libc.a(lib_a-__atexit.o)
                0x00005a54                __register_exitproc
 .text.__sflush_r
                0x00005ab8      0x114 d:/s32ds_3_5/s32ds/s32ds/build_tools/gcc_v10.2/gcc-10.2-arm32-eabi/bin/../lib/gcc/arm-none-eabi/10.2.0/../../../../arm-none-eabi/lib/thumb/v7e-m/nofp\libc.a(lib_a-fflush.o)
                0x00005ab8                __sflush_r
 .text._fflush_r
                0x00005bcc       0x24 d:/s32ds_3_5/s32ds/s32ds/build_tools/gcc_v10.2/gcc-10.2-arm32-eabi/bin/../lib/gcc/arm-none-eabi/10.2.0/../../../../arm-none-eabi/lib/thumb/v7e-m/nofp\libc.a(lib_a-fflush.o)
                0x00005bcc                _fflush_r
 .text.std      0x00005bf0       0x48 d:/s32ds_3_5/s32ds/s32ds/build_tools/gcc_v10.2/gcc-10.2-arm32-eabi/bin/../lib/gcc/arm-none-eabi/10.2.0/../../../../arm-none-eabi/lib/thumb/v7e-m/nofp\libc.a(lib_a-findfp.o)
 .text._cleanup_r
                0x00005c38        0xc d:/s32ds_3_5/s32ds/s32ds/build_tools/gcc_v10.2/gcc-10.2-arm32-eabi/bin/../lib/gcc/arm-none-eabi/10.2.0/../../../../arm-none-eabi/lib/thumb/v7e-m/nofp\libc.a(lib_a-findfp.o)
                0x00005c38                _cleanup_r
 .text.__sinit  0x00005c44       0x44 d:/s32ds_3_5/s32ds/s32ds/build_tools/gcc_v10.2/gcc-10.2-arm32-eabi/bin/../lib/gcc/arm-none-eabi/10.2.0/../../../../arm-none-eabi/lib/thumb/v7e-m/nofp\libc.a(lib_a-findfp.o)
                0x00005c44                __sinit
 .text.__fputwc
                0x00005c88       0x82 d:/s32ds_3_5/s32ds/s32ds/build_tools/gcc_v10.2/gcc-10.2-arm32-eabi/bin/../lib/gcc/arm-none-eabi/10.2.0/../../../../arm-none-eabi/lib/thumb/v7e-m/nofp\libc.a(lib_a-fputwc.o)
                0x00005c88                __fputwc
 .text._fputwc_r
                0x00005d0a       0x1c d:/s32ds_3_5/s32ds/s32ds/build_tools/gcc_v10.2/gcc-10.2-arm32-eabi/bin/../lib/gcc/arm-none-eabi/10.2.0/../../../../arm-none-eabi/lib/thumb/v7e-m/nofp\libc.a(lib_a-fputwc.o)
                0x00005d0a                _fputwc_r
 *fill*         0x00005d26        0x2 
 .text.__sfvwrite_r
                0x00005d28      0x290 d:/s32ds_3_5/s32ds/s32ds/build_tools/gcc_v10.2/gcc-10.2-arm32-eabi/bin/../lib/gcc/arm-none-eabi/10.2.0/../../../../arm-none-eabi/lib/thumb/v7e-m/nofp\libc.a(lib_a-fvwrite.o)
                0x00005d28                __sfvwrite_r
 .text._fwalk_reent
                0x00005fb8       0x3e d:/s32ds_3_5/s32ds/s32ds/build_tools/gcc_v10.2/gcc-10.2-arm32-eabi/bin/../lib/gcc/arm-none-eabi/10.2.0/../../../../arm-none-eabi/lib/thumb/v7e-m/nofp\libc.a(lib_a-fwalk.o)
                0x00005fb8                _fwalk_reent
 .text.__swhatbuf_r
                0x00005ff6       0x58 d:/s32ds_3_5/s32ds/s32ds/build_tools/gcc_v10.2/gcc-10.2-arm32-eabi/bin/../lib/gcc/arm-none-eabi/10.2.0/../../../../arm-none-eabi/lib/thumb/v7e-m/nofp\libc.a(lib_a-makebuf.o)
                0x00005ff6                __swhatbuf_r
 *fill*         0x0000604e        0x2 
 .text.__smakebuf_r
                0x00006050       0x80 d:/s32ds_3_5/s32ds/s32ds/build_tools/gcc_v10.2/gcc-10.2-arm32-eabi/bin/../lib/gcc/arm-none-eabi/10.2.0/../../../../arm-none-eabi/lib/thumb/v7e-m/nofp\libc.a(lib_a-makebuf.o)
                0x00006050                __smakebuf_r
 .text._raise_r
                0x000060d0       0x52 d:/s32ds_3_5/s32ds/s32ds/build_tools/gcc_v10.2/gcc-10.2-arm32-eabi/bin/../lib/gcc/arm-none-eabi/10.2.0/../../../../arm-none-eabi/lib/thumb/v7e-m/nofp\libc.a(lib_a-signal.o)
                0x000060d0                _raise_r
 *fill*         0x00006122        0x2 
 .text.raise    0x00006124       0x10 d:/s32ds_3_5/s32ds/s32ds/build_tools/gcc_v10.2/gcc-10.2-arm32-eabi/bin/../lib/gcc/arm-none-eabi/10.2.0/../../../../arm-none-eabi/lib/thumb/v7e-m/nofp\libc.a(lib_a-signal.o)
                0x00006124                raise
 .text._kill_r  0x00006134       0x24 d:/s32ds_3_5/s32ds/s32ds/build_tools/gcc_v10.2/gcc-10.2-arm32-eabi/bin/../lib/gcc/arm-none-eabi/10.2.0/../../../../arm-none-eabi/lib/thumb/v7e-m/nofp\libc.a(lib_a-signalr.o)
                0x00006134                _kill_r
 .text._getpid_r
                0x00006158        0x4 d:/s32ds_3_5/s32ds/s32ds/build_tools/gcc_v10.2/gcc-10.2-arm32-eabi/bin/../lib/gcc/arm-none-eabi/10.2.0/../../../../arm-none-eabi/lib/thumb/v7e-m/nofp\libc.a(lib_a-signalr.o)
                0x00006158                _getpid_r
 .text.__sread  0x0000615c       0x22 d:/s32ds_3_5/s32ds/s32ds/build_tools/gcc_v10.2/gcc-10.2-arm32-eabi/bin/../lib/gcc/arm-none-eabi/10.2.0/../../../../arm-none-eabi/lib/thumb/v7e-m/nofp\libc.a(lib_a-stdio.o)
                0x0000615c                __sread
 .text.__swrite
                0x0000617e       0x38 d:/s32ds_3_5/s32ds/s32ds/build_tools/gcc_v10.2/gcc-10.2-arm32-eabi/bin/../lib/gcc/arm-none-eabi/10.2.0/../../../../arm-none-eabi/lib/thumb/v7e-m/nofp\libc.a(lib_a-stdio.o)
                0x0000617e                __swrite
 .text.__sseek  0x000061b6       0x24 d:/s32ds_3_5/s32ds/s32ds/build_tools/gcc_v10.2/gcc-10.2-arm32-eabi/bin/../lib/gcc/arm-none-eabi/10.2.0/../../../../arm-none-eabi/lib/thumb/v7e-m/nofp\libc.a(lib_a-stdio.o)
                0x000061b6                __sseek
 .text.__sclose
                0x000061da        0x8 d:/s32ds_3_5/s32ds/s32ds/build_tools/gcc_v10.2/gcc-10.2-arm32-eabi/bin/../lib/gcc/arm-none-eabi/10.2.0/../../../../arm-none-eabi/lib/thumb/v7e-m/nofp\libc.a(lib_a-stdio.o)
                0x000061da                __sclose
 .text.__swbuf_r
                0x000061e2       0x92 d:/s32ds_3_5/s32ds/s32ds/build_tools/gcc_v10.2/gcc-10.2-arm32-eabi/bin/../lib/gcc/arm-none-eabi/10.2.0/../../../../arm-none-eabi/lib/thumb/v7e-m/nofp\libc.a(lib_a-wbuf.o)
                0x000061e2                __swbuf_r
 .text._wcrtomb_r
                0x00006274       0x2c d:/s32ds_3_5/s32ds/s32ds/build_tools/gcc_v10.2/gcc-10.2-arm32-eabi/bin/../lib/gcc/arm-none-eabi/10.2.0/../../../../arm-none-eabi/lib/thumb/v7e-m/nofp\libc.a(lib_a-wcrtomb.o)
                0x00006274                _wcrtomb_r
 .text._write_r
                0x000062a0       0x24 d:/s32ds_3_5/s32ds/s32ds/build_tools/gcc_v10.2/gcc-10.2-arm32-eabi/bin/../lib/gcc/arm-none-eabi/10.2.0/../../../../arm-none-eabi/lib/thumb/v7e-m/nofp\libc.a(lib_a-writer.o)
                0x000062a0                _write_r
 .text._close_r
                0x000062c4       0x20 d:/s32ds_3_5/s32ds/s32ds/build_tools/gcc_v10.2/gcc-10.2-arm32-eabi/bin/../lib/gcc/arm-none-eabi/10.2.0/../../../../arm-none-eabi/lib/thumb/v7e-m/nofp\libc.a(lib_a-closer.o)
                0x000062c4                _close_r
 .text._fclose_r
                0x000062e4       0x74 d:/s32ds_3_5/s32ds/s32ds/build_tools/gcc_v10.2/gcc-10.2-arm32-eabi/bin/../lib/gcc/arm-none-eabi/10.2.0/../../../../arm-none-eabi/lib/thumb/v7e-m/nofp\libc.a(lib_a-fclose.o)
                0x000062e4                _fclose_r
 .text._fstat_r
                0x00006358       0x24 d:/s32ds_3_5/s32ds/s32ds/build_tools/gcc_v10.2/gcc-10.2-arm32-eabi/bin/../lib/gcc/arm-none-eabi/10.2.0/../../../../arm-none-eabi/lib/thumb/v7e-m/nofp\libc.a(lib_a-fstatr.o)
                0x00006358                _fstat_r
 .text._isatty_r
                0x0000637c       0x20 d:/s32ds_3_5/s32ds/s32ds/build_tools/gcc_v10.2/gcc-10.2-arm32-eabi/bin/../lib/gcc/arm-none-eabi/10.2.0/../../../../arm-none-eabi/lib/thumb/v7e-m/nofp\libc.a(lib_a-isattyr.o)
                0x0000637c                _isatty_r
 .text._lseek_r
                0x0000639c       0x24 d:/s32ds_3_5/s32ds/s32ds/build_tools/gcc_v10.2/gcc-10.2-arm32-eabi/bin/../lib/gcc/arm-none-eabi/10.2.0/../../../../arm-none-eabi/lib/thumb/v7e-m/nofp\libc.a(lib_a-lseekr.o)
                0x0000639c                _lseek_r
 .text._read_r  0x000063c0       0x24 d:/s32ds_3_5/s32ds/s32ds/build_tools/gcc_v10.2/gcc-10.2-arm32-eabi/bin/../lib/gcc/arm-none-eabi/10.2.0/../../../../arm-none-eabi/lib/thumb/v7e-m/nofp\libc.a(lib_a-readr.o)
                0x000063c0                _read_r
 .text._close   0x000063e4       0x10 d:/s32ds_3_5/s32ds/s32ds/build_tools/gcc_v10.2/gcc-10.2-arm32-eabi/bin/../lib/gcc/arm-none-eabi/10.2.0/../../../../arm-none-eabi/lib/thumb/v7e-m/nofp\libnosys.a(close.o)
                0x000063e4                _close
 .text._fstat   0x000063f4       0x10 d:/s32ds_3_5/s32ds/s32ds/build_tools/gcc_v10.2/gcc-10.2-arm32-eabi/bin/../lib/gcc/arm-none-eabi/10.2.0/../../../../arm-none-eabi/lib/thumb/v7e-m/nofp\libnosys.a(fstat.o)
                0x000063f4                _fstat
 .text._getpid  0x00006404       0x10 d:/s32ds_3_5/s32ds/s32ds/build_tools/gcc_v10.2/gcc-10.2-arm32-eabi/bin/../lib/gcc/arm-none-eabi/10.2.0/../../../../arm-none-eabi/lib/thumb/v7e-m/nofp\libnosys.a(getpid.o)
                0x00006404                _getpid
 .text._isatty  0x00006414       0x10 d:/s32ds_3_5/s32ds/s32ds/build_tools/gcc_v10.2/gcc-10.2-arm32-eabi/bin/../lib/gcc/arm-none-eabi/10.2.0/../../../../arm-none-eabi/lib/thumb/v7e-m/nofp\libnosys.a(isatty.o)
                0x00006414                _isatty
 .text._kill    0x00006424       0x10 d:/s32ds_3_5/s32ds/s32ds/build_tools/gcc_v10.2/gcc-10.2-arm32-eabi/bin/../lib/gcc/arm-none-eabi/10.2.0/../../../../arm-none-eabi/lib/thumb/v7e-m/nofp\libnosys.a(kill.o)
                0x00006424                _kill
 .text._lseek   0x00006434       0x10 d:/s32ds_3_5/s32ds/s32ds/build_tools/gcc_v10.2/gcc-10.2-arm32-eabi/bin/../lib/gcc/arm-none-eabi/10.2.0/../../../../arm-none-eabi/lib/thumb/v7e-m/nofp\libnosys.a(lseek.o)
                0x00006434                _lseek
 .text._read    0x00006444       0x10 d:/s32ds_3_5/s32ds/s32ds/build_tools/gcc_v10.2/gcc-10.2-arm32-eabi/bin/../lib/gcc/arm-none-eabi/10.2.0/../../../../arm-none-eabi/lib/thumb/v7e-m/nofp\libnosys.a(read.o)
                0x00006444                _read
 .text._sbrk    0x00006454       0x1c d:/s32ds_3_5/s32ds/s32ds/build_tools/gcc_v10.2/gcc-10.2-arm32-eabi/bin/../lib/gcc/arm-none-eabi/10.2.0/../../../../arm-none-eabi/lib/thumb/v7e-m/nofp\libnosys.a(sbrk.o)
                0x00006454                _sbrk
 .text._write   0x00006470       0x10 d:/s32ds_3_5/s32ds/s32ds/build_tools/gcc_v10.2/gcc-10.2-arm32-eabi/bin/../lib/gcc/arm-none-eabi/10.2.0/../../../../arm-none-eabi/lib/thumb/v7e-m/nofp\libnosys.a(write.o)
                0x00006470                _write
 .text._exit    0x00006480        0x2 d:/s32ds_3_5/s32ds/s32ds/build_tools/gcc_v10.2/gcc-10.2-arm32-eabi/bin/../lib/gcc/arm-none-eabi/10.2.0/../../../../arm-none-eabi/lib/thumb/v7e-m/nofp\libnosys.a(_exit.o)
                0x00006480                _exit
 *(.rodata)
 *fill*         0x00006482        0x2 
 .rodata        0x00006484       0x3f ./src/main.o
 *(.rodata*)
 *fill*         0x000064c3        0x1 
 .rodata._global_impure_ptr
                0x000064c4        0x4 d:/s32ds_3_5/s32ds/s32ds/build_tools/gcc_v10.2/gcc-10.2-arm32-eabi/bin/../lib/gcc/arm-none-eabi/10.2.0/../../../../arm-none-eabi/lib/thumb/v7e-m/nofp\libc.a(lib_a-impure.o)
                0x000064c4                _global_impure_ptr
 .rodata._svfprintf_r.str1.1
                0x000064c8       0x34 d:/s32ds_3_5/s32ds/s32ds/build_tools/gcc_v10.2/gcc-10.2-arm32-eabi/bin/../lib/gcc/arm-none-eabi/10.2.0/../../../../arm-none-eabi/lib/thumb/v7e-m/nofp\libc.a(lib_a-svfprintf.o)
 .rodata.blanks.1
                0x000064fc       0x10 d:/s32ds_3_5/s32ds/s32ds/build_tools/gcc_v10.2/gcc-10.2-arm32-eabi/bin/../lib/gcc/arm-none-eabi/10.2.0/../../../../arm-none-eabi/lib/thumb/v7e-m/nofp\libc.a(lib_a-svfprintf.o)
 .rodata.zeroes.0
                0x0000650c       0x10 d:/s32ds_3_5/s32ds/s32ds/build_tools/gcc_v10.2/gcc-10.2-arm32-eabi/bin/../lib/gcc/arm-none-eabi/10.2.0/../../../../arm-none-eabi/lib/thumb/v7e-m/nofp\libc.a(lib_a-svfprintf.o)
 .rodata._dtoa_r.str1.1
                0x0000651c       0x5b d:/s32ds_3_5/s32ds/s32ds/build_tools/gcc_v10.2/gcc-10.2-arm32-eabi/bin/../lib/gcc/arm-none-eabi/10.2.0/../../../../arm-none-eabi/lib/thumb/v7e-m/nofp\libc.a(lib_a-dtoa.o)
                                 0x5d (size before relaxing)
 .rodata._setlocale_r.str1.1
                0x00006577        0x8 d:/s32ds_3_5/s32ds/s32ds/build_tools/gcc_v10.2/gcc-10.2-arm32-eabi/bin/../lib/gcc/arm-none-eabi/10.2.0/../../../../arm-none-eabi/lib/thumb/v7e-m/nofp\libc.a(lib_a-locale.o)
                                  0x9 (size before relaxing)
 .rodata.str1.1
                0x0000657f        0x2 d:/s32ds_3_5/s32ds/s32ds/build_tools/gcc_v10.2/gcc-10.2-arm32-eabi/bin/../lib/gcc/arm-none-eabi/10.2.0/../../../../arm-none-eabi/lib/thumb/v7e-m/nofp\libc.a(lib_a-locale.o)
 .rodata.__multadd.str1.1
                0x00006581       0x3e d:/s32ds_3_5/s32ds/s32ds/build_tools/gcc_v10.2/gcc-10.2-arm32-eabi/bin/../lib/gcc/arm-none-eabi/10.2.0/../../../../arm-none-eabi/lib/thumb/v7e-m/nofp\libc.a(lib_a-mprec.o)
                                 0x4f (size before relaxing)
 *fill*         0x000065bf        0x1 
 .rodata.__mprec_bigtens
                0x000065c0       0x28 d:/s32ds_3_5/s32ds/s32ds/build_tools/gcc_v10.2/gcc-10.2-arm32-eabi/bin/../lib/gcc/arm-none-eabi/10.2.0/../../../../arm-none-eabi/lib/thumb/v7e-m/nofp\libc.a(lib_a-mprec.o)
                0x000065c0                __mprec_bigtens
 .rodata.__mprec_tens
                0x000065e8       0xc8 d:/s32ds_3_5/s32ds/s32ds/build_tools/gcc_v10.2/gcc-10.2-arm32-eabi/bin/../lib/gcc/arm-none-eabi/10.2.0/../../../../arm-none-eabi/lib/thumb/v7e-m/nofp\libc.a(lib_a-mprec.o)
                0x000065e8                __mprec_tens
 .rodata.p05.0  0x000066b0        0xc d:/s32ds_3_5/s32ds/s32ds/build_tools/gcc_v10.2/gcc-10.2-arm32-eabi/bin/../lib/gcc/arm-none-eabi/10.2.0/../../../../arm-none-eabi/lib/thumb/v7e-m/nofp\libc.a(lib_a-mprec.o)
 .rodata.__assert_func.str1.1
                0x000066bc       0x3c d:/s32ds_3_5/s32ds/s32ds/build_tools/gcc_v10.2/gcc-10.2-arm32-eabi/bin/../lib/gcc/arm-none-eabi/10.2.0/../../../../arm-none-eabi/lib/thumb/v7e-m/nofp\libc.a(lib_a-assert.o)
                                 0x3d (size before relaxing)
 .rodata._ctype_
                0x000066f8      0x101 d:/s32ds_3_5/s32ds/s32ds/build_tools/gcc_v10.2/gcc-10.2-arm32-eabi/bin/../lib/gcc/arm-none-eabi/10.2.0/../../../../arm-none-eabi/lib/thumb/v7e-m/nofp\libc.a(lib_a-ctype_.o)
                0x000066f8                _ctype_
 .rodata._vfiprintf_r.str1.1
                0x000067f9       0x22 d:/s32ds_3_5/s32ds/s32ds/build_tools/gcc_v10.2/gcc-10.2-arm32-eabi/bin/../lib/gcc/arm-none-eabi/10.2.0/../../../../arm-none-eabi/lib/thumb/v7e-m/nofp\libc.a(lib_a-vfiprintf.o)
 .rodata.blanks.1
                0x000067f9       0x10 d:/s32ds_3_5/s32ds/s32ds/build_tools/gcc_v10.2/gcc-10.2-arm32-eabi/bin/../lib/gcc/arm-none-eabi/10.2.0/../../../../arm-none-eabi/lib/thumb/v7e-m/nofp\libc.a(lib_a-vfiprintf.o)
 .rodata.zeroes.0
                0x00006809       0x10 d:/s32ds_3_5/s32ds/s32ds/build_tools/gcc_v10.2/gcc-10.2-arm32-eabi/bin/../lib/gcc/arm-none-eabi/10.2.0/../../../../arm-none-eabi/lib/thumb/v7e-m/nofp\libc.a(lib_a-vfiprintf.o)
 *(.glue_7)
 .glue_7        0x00006819        0x0 linker stubs
 *(.glue_7t)
 .glue_7t       0x00006819        0x0 linker stubs
 *(.eh_frame)
 *fill*         0x00006819        0x3 
 .eh_frame      0x0000681c        0x0 d:/s32ds_3_5/s32ds/s32ds/build_tools/gcc_v10.2/gcc-10.2-arm32-eabi/bin/../lib/gcc/arm-none-eabi/10.2.0/thumb/v7e-m/nofp/crtbegin.o
 *(.init)
 .init          0x0000681c        0x4 d:/s32ds_3_5/s32ds/s32ds/build_tools/gcc_v10.2/gcc-10.2-arm32-eabi/bin/../lib/gcc/arm-none-eabi/10.2.0/thumb/v7e-m/nofp/crti.o
                0x0000681c                _init
 .init          0x00006820        0x8 d:/s32ds_3_5/s32ds/s32ds/build_tools/gcc_v10.2/gcc-10.2-arm32-eabi/bin/../lib/gcc/arm-none-eabi/10.2.0/thumb/v7e-m/nofp/crtn.o
 *(.fini)
 .fini          0x00006828        0x4 d:/s32ds_3_5/s32ds/s32ds/build_tools/gcc_v10.2/gcc-10.2-arm32-eabi/bin/../lib/gcc/arm-none-eabi/10.2.0/thumb/v7e-m/nofp/crti.o
                0x00006828                _fini
 .fini          0x0000682c        0x8 d:/s32ds_3_5/s32ds/s32ds/build_tools/gcc_v10.2/gcc-10.2-arm32-eabi/bin/../lib/gcc/arm-none-eabi/10.2.0/thumb/v7e-m/nofp/crtn.o
                0x00006834                . = ALIGN (0x4)

.vfp11_veneer   0x00006834        0x0
 .vfp11_veneer  0x00006834        0x0 linker stubs

.v4_bx          0x00006834        0x0
 .v4_bx         0x00006834        0x0 linker stubs

.iplt           0x00006834        0x0
 .iplt          0x00006834        0x0 d:/s32ds_3_5/s32ds/s32ds/build_tools/gcc_v10.2/gcc-10.2-arm32-eabi/bin/../lib/gcc/arm-none-eabi/10.2.0/thumb/v7e-m/nofp/crtbegin.o

.ARM.extab
 *(.ARM.extab* .gnu.linkonce.armextab.*)

.ARM            0x00006834        0x8
                0x00006834                __exidx_start = .
 *(.ARM.exidx*)
 .ARM.exidx     0x00006834        0x8 d:/s32ds_3_5/s32ds/s32ds/build_tools/gcc_v10.2/gcc-10.2-arm32-eabi/bin/../lib/gcc/arm-none-eabi/10.2.0/../../../../arm-none-eabi/lib/thumb/v7e-m/nofp/crt0.o
                                 0x10 (size before relaxing)
 .ARM.exidx     0x0000683c        0x0 d:/s32ds_3_5/s32ds/s32ds/build_tools/gcc_v10.2/gcc-10.2-arm32-eabi/bin/../lib/gcc/arm-none-eabi/10.2.0/thumb/v7e-m/nofp\libgcc.a(_udivmoddi4.o)
                                  0x8 (size before relaxing)
                0x0000683c                __exidx_end = .

.rel.dyn        0x0000683c        0x0
 .rel.iplt      0x0000683c        0x0 d:/s32ds_3_5/s32ds/s32ds/build_tools/gcc_v10.2/gcc-10.2-arm32-eabi/bin/../lib/gcc/arm-none-eabi/10.2.0/thumb/v7e-m/nofp/crtbegin.o

.ctors          0x0000683c        0x0
                0x0000683c                __CTOR_LIST__ = .
 *crtbegin.o(.ctors)
 *crtbegin?.o(.ctors)
 *(EXCLUDE_FILE(*crtend.o *crtend?.o) .ctors)
 *(SORT_BY_NAME(.ctors.*))
 *(.ctors)
                0x0000683c                __CTOR_END__ = .

.dtors          0x0000683c        0x0
                0x0000683c                __DTOR_LIST__ = .
 *crtbegin.o(.dtors)
 *crtbegin?.o(.dtors)
 *(EXCLUDE_FILE(*crtend.o *crtend?.o) .dtors)
 *(SORT_BY_NAME(.dtors.*))
 *(.dtors)
                0x0000683c                __DTOR_END__ = .

.preinit_array  0x0000683c        0x0
                0x0000683c                PROVIDE (__preinit_array_start = .)
 *(.preinit_array*)
                0x0000683c                PROVIDE (__preinit_array_end = .)

.init_array     0x0000683c        0x8
                0x0000683c                PROVIDE (__init_array_start = .)
 *(SORT_BY_NAME(.init_array.*))
 .init_array.00000
                0x0000683c        0x4 d:/s32ds_3_5/s32ds/s32ds/build_tools/gcc_v10.2/gcc-10.2-arm32-eabi/bin/../lib/gcc/arm-none-eabi/10.2.0/../../../../arm-none-eabi/lib/thumb/v7e-m/nofp\libc.a(lib_a-__call_atexit.o)
 *(.init_array*)
 .init_array    0x00006840        0x4 d:/s32ds_3_5/s32ds/s32ds/build_tools/gcc_v10.2/gcc-10.2-arm32-eabi/bin/../lib/gcc/arm-none-eabi/10.2.0/thumb/v7e-m/nofp/crtbegin.o
                0x00006844                PROVIDE (__init_array_end = .)

.fini_array     0x00006844        0x4
                0x00006844                PROVIDE (__fini_array_start = .)
 *(SORT_BY_NAME(.fini_array.*))
 *(.fini_array*)
 .fini_array    0x00006844        0x4 d:/s32ds_3_5/s32ds/s32ds/build_tools/gcc_v10.2/gcc-10.2-arm32-eabi/bin/../lib/gcc/arm-none-eabi/10.2.0/thumb/v7e-m/nofp/crtbegin.o
                0x00006848                PROVIDE (__fini_array_end = .)
                0x00006848                __etext = .
                0x00006848                __DATA_ROM = .

.interrupts_ram
                0x1fff8000      0x400
                0x1fff8000                . = ALIGN (0x4)
                0x1fff8000                __VECTOR_RAM__ = .
                0x1fff8000                __RAM_START = .
                0x1fff8000                __interrupts_ram_start__ = .
 *(.m_interrupts_ram)
                0x1fff8400                . = (. + M_VECTOR_RAM_SIZE)
 *fill*         0x1fff8000      0x400 
                0x1fff8400                . = ALIGN (0x4)
                0x1fff8400                __interrupts_ram_end__ = .
                0x1fff8000                __VECTOR_RAM = DEFINED (__flash_vector_table__)?ORIGIN (m_interrupts):__VECTOR_RAM__
                0x00000400                __RAM_VECTOR_TABLE_SIZE = DEFINED (__flash_vector_table__)?0x0:(__interrupts_ram_end__ - __interrupts_ram_start__)

.data           0x1fff8400      0x99c load address 0x00006848
                0x1fff8400                . = ALIGN (0x4)
                0x1fff8400                __DATA_RAM = .
                0x1fff8400                __data_start__ = .
 *(.data)
 *(.data*)
 .data._impure_ptr
                0x1fff8400        0x4 d:/s32ds_3_5/s32ds/s32ds/build_tools/gcc_v10.2/gcc-10.2-arm32-eabi/bin/../lib/gcc/arm-none-eabi/10.2.0/../../../../arm-none-eabi/lib/thumb/v7e-m/nofp\libc.a(lib_a-impure.o)
                0x1fff8400                _impure_ptr
 *fill*         0x1fff8404        0x4 
 .data.impure_data
                0x1fff8408      0x418 d:/s32ds_3_5/s32ds/s32ds/build_tools/gcc_v10.2/gcc-10.2-arm32-eabi/bin/../lib/gcc/arm-none-eabi/10.2.0/../../../../arm-none-eabi/lib/thumb/v7e-m/nofp\libc.a(lib_a-impure.o)
 .data.__global_locale
                0x1fff8820      0x16c d:/s32ds_3_5/s32ds/s32ds/build_tools/gcc_v10.2/gcc-10.2-arm32-eabi/bin/../lib/gcc/arm-none-eabi/10.2.0/../../../../arm-none-eabi/lib/thumb/v7e-m/nofp\libc.a(lib_a-locale.o)
                0x1fff8820                __global_locale
 .data.__malloc_av_
                0x1fff898c      0x408 d:/s32ds_3_5/s32ds/s32ds/build_tools/gcc_v10.2/gcc-10.2-arm32-eabi/bin/../lib/gcc/arm-none-eabi/10.2.0/../../../../arm-none-eabi/lib/thumb/v7e-m/nofp\libc.a(lib_a-mallocr.o)
                0x1fff898c                __malloc_av_
 .data.__malloc_sbrk_base
                0x1fff8d94        0x4 d:/s32ds_3_5/s32ds/s32ds/build_tools/gcc_v10.2/gcc-10.2-arm32-eabi/bin/../lib/gcc/arm-none-eabi/10.2.0/../../../../arm-none-eabi/lib/thumb/v7e-m/nofp\libc.a(lib_a-mallocr.o)
                0x1fff8d94                __malloc_sbrk_base
 .data.__malloc_trim_threshold
                0x1fff8d98        0x4 d:/s32ds_3_5/s32ds/s32ds/build_tools/gcc_v10.2/gcc-10.2-arm32-eabi/bin/../lib/gcc/arm-none-eabi/10.2.0/../../../../arm-none-eabi/lib/thumb/v7e-m/nofp\libc.a(lib_a-mallocr.o)
                0x1fff8d98                __malloc_trim_threshold
 *(.jcr*)
                0x1fff8d9c                . = ALIGN (0x4)
                0x1fff8d9c                __data_end__ = .
                0x000071e4                __DATA_END = (__DATA_ROM + (__data_end__ - __data_start__))
                0x000071e4                __CODE_ROM = __DATA_END

.tm_clone_table
                0x1fff8d9c        0x0 load address 0x000071e4
 .tm_clone_table
                0x1fff8d9c        0x0 d:/s32ds_3_5/s32ds/s32ds/build_tools/gcc_v10.2/gcc-10.2-arm32-eabi/bin/../lib/gcc/arm-none-eabi/10.2.0/thumb/v7e-m/nofp/crtbegin.o
 .tm_clone_table
                0x1fff8d9c        0x0 d:/s32ds_3_5/s32ds/s32ds/build_tools/gcc_v10.2/gcc-10.2-arm32-eabi/bin/../lib/gcc/arm-none-eabi/10.2.0/thumb/v7e-m/nofp/crtend.o

.igot.plt       0x1fff8d9c        0x0 load address 0x000071e4
 .igot.plt      0x1fff8d9c        0x0 d:/s32ds_3_5/s32ds/s32ds/build_tools/gcc_v10.2/gcc-10.2-arm32-eabi/bin/../lib/gcc/arm-none-eabi/10.2.0/thumb/v7e-m/nofp/crtbegin.o

.code           0x1fff8d9c        0x0 load address 0x000071e4
                0x1fff8d9c                . = ALIGN (0x4)
                0x1fff8d9c                __CODE_RAM = .
                0x1fff8d9c                __code_start__ = .
                0x1fff8d9c                __code_ram_start__ = .
 *(.code_ram)
                0x1fff8d9c                . = ALIGN (0x4)
                0x1fff8d9c                __code_end__ = .
                0x1fff8d9c                __code_ram_end__ = .
                0x000071e4                __CODE_END = (__CODE_ROM + (__code_end__ - __code_start__))
                0x000071e4                __CUSTOM_ROM = __CODE_END

.customSectionBlock
                0x20000000        0x0 load address 0x000071e4
                0x20000000                __customSection_start__ = .
 *(.customSection)
                0x20000000                __customSection_end__ = .
                0x000071e4                __CUSTOM_END = (__CUSTOM_ROM + (__customSection_end__ - __customSection_start__))

.bss            0x20000000       0x64
                0x20000000                . = ALIGN (0x4)
                0x20000000                __BSS_START = .
                0x20000000                __bss_start__ = .
 *(.bss)
 .bss           0x20000000       0x1c d:/s32ds_3_5/s32ds/s32ds/build_tools/gcc_v10.2/gcc-10.2-arm32-eabi/bin/../lib/gcc/arm-none-eabi/10.2.0/thumb/v7e-m/nofp/crtbegin.o
 *(.bss*)
 .bss.g_temp    0x2000001c        0x1 ./src/lpuart1.o
                0x2000001c                g_temp
 *fill*         0x2000001d        0x3 
 .bss.g_callback_func
                0x20000020        0x4 ./src/lpuart1.o
                0x20000020                g_callback_func
 .bss.g_adc_result
                0x20000024        0x2 ./src/main.o
                0x20000024                g_adc_result
 .bss.g_adc_ready
                0x20000026        0x1 ./src/main.o
                0x20000026                g_adc_ready
 *fill*         0x20000027        0x1 
 .bss.__malloc_current_mallinfo
                0x20000028       0x28 d:/s32ds_3_5/s32ds/s32ds/build_tools/gcc_v10.2/gcc-10.2-arm32-eabi/bin/../lib/gcc/arm-none-eabi/10.2.0/../../../../arm-none-eabi/lib/thumb/v7e-m/nofp\libc.a(lib_a-mallocr.o)
                0x20000028                __malloc_current_mallinfo
 .bss.__malloc_max_sbrked_mem
                0x20000050        0x4 d:/s32ds_3_5/s32ds/s32ds/build_tools/gcc_v10.2/gcc-10.2-arm32-eabi/bin/../lib/gcc/arm-none-eabi/10.2.0/../../../../arm-none-eabi/lib/thumb/v7e-m/nofp\libc.a(lib_a-mallocr.o)
                0x20000050                __malloc_max_sbrked_mem
 .bss.__malloc_max_total_mem
                0x20000054        0x4 d:/s32ds_3_5/s32ds/s32ds/build_tools/gcc_v10.2/gcc-10.2-arm32-eabi/bin/../lib/gcc/arm-none-eabi/10.2.0/../../../../arm-none-eabi/lib/thumb/v7e-m/nofp\libc.a(lib_a-mallocr.o)
                0x20000054                __malloc_max_total_mem
 .bss.__malloc_top_pad
                0x20000058        0x4 d:/s32ds_3_5/s32ds/s32ds/build_tools/gcc_v10.2/gcc-10.2-arm32-eabi/bin/../lib/gcc/arm-none-eabi/10.2.0/../../../../arm-none-eabi/lib/thumb/v7e-m/nofp\libc.a(lib_a-mallocr.o)
                0x20000058                __malloc_top_pad
 .bss.errno     0x2000005c        0x4 d:/s32ds_3_5/s32ds/s32ds/build_tools/gcc_v10.2/gcc-10.2-arm32-eabi/bin/../lib/gcc/arm-none-eabi/10.2.0/../../../../arm-none-eabi/lib/thumb/v7e-m/nofp\libc.a(lib_a-reent.o)
                0x2000005c                errno
 .bss.heap_end.0
                0x20000060        0x4 d:/s32ds_3_5/s32ds/s32ds/build_tools/gcc_v10.2/gcc-10.2-arm32-eabi/bin/../lib/gcc/arm-none-eabi/10.2.0/../../../../arm-none-eabi/lib/thumb/v7e-m/nofp\libnosys.a(sbrk.o)
 *(COMMON)
                0x20000064                . = ALIGN (0x4)
                0x20000064                __bss_end__ = .
                0x20000064                __BSS_END = .

.heap           0x20000064      0x404
                0x20000068                . = ALIGN (0x8)
 *fill*         0x20000064        0x4 
                0x20000068                __end__ = .
                0x20000068                __heap_start__ = .
                0x20000068                PROVIDE (end = .)
                [!provide]                PROVIDE (_end = .)
                [!provide]                PROVIDE (__end = .)
                0x20000068                __HeapBase = .
                0x20000468                . = (. + HEAP_SIZE)
 *fill*         0x20000068      0x400 
                0x20000468                __HeapLimit = .
                0x20000468                __heap_limit = .
                0x20000468                __heap_end__ = .
                0x20007000                __StackTop = (ORIGIN (m_data_2) + LENGTH (m_data_2))
                0x20006c00                __StackLimit = (__StackTop - STACK_SIZE)
                0x20007000                PROVIDE (__stack = __StackTop)
                0x20007000                __RAM_END = __StackTop

.stack          0x20006c00      0x400
                0x20006c00                . = ALIGN (0x8)
                0x20006c00                __stack_start__ = .
                0x20007000                . = (. + STACK_SIZE)
 *fill*         0x20006c00      0x400 
                0x20007000                __stack_end__ = .
                0x20000000                __START_BSS = __BSS_START
                0x20000064                __END_BSS = __BSS_END
                0x20007000                __SP_INIT = __StackTop

.ARM.attributes
                0x00000000       0x2a
 *(.ARM.attributes)
 .ARM.attributes
                0x00000000       0x1e d:/s32ds_3_5/s32ds/s32ds/build_tools/gcc_v10.2/gcc-10.2-arm32-eabi/bin/../lib/gcc/arm-none-eabi/10.2.0/thumb/v7e-m/nofp/crti.o
 .ARM.attributes
                0x0000001e       0x2e d:/s32ds_3_5/s32ds/s32ds/build_tools/gcc_v10.2/gcc-10.2-arm32-eabi/bin/../lib/gcc/arm-none-eabi/10.2.0/thumb/v7e-m/nofp/crtbegin.o
 .ARM.attributes
                0x0000004c       0x1c d:/s32ds_3_5/s32ds/s32ds/build_tools/gcc_v10.2/gcc-10.2-arm32-eabi/bin/../lib/gcc/arm-none-eabi/10.2.0/../../../../arm-none-eabi/lib/thumb/v7e-m/nofp/crt0.o
 .ARM.attributes
                0x00000068       0x2e ./Project_Settings/Startup_Code/startup.o
 .ARM.attributes
                0x00000096       0x1b ./Project_Settings/Startup_Code/startup_S32K144.o
 .ARM.attributes
                0x000000b1       0x2e ./Project_Settings/Startup_Code/system_S32K144.o
 .ARM.attributes
                0x000000df       0x2e ./src/clock_init.o
 .ARM.attributes
                0x0000010d       0x2e ./src/lpuart1.o
 .ARM.attributes
                0x0000013b       0x2e ./src/main.o
 .ARM.attributes
                0x00000169       0x2e ./src/peripheral_init.o
 .ARM.attributes
                0x00000197       0x1e d:/s32ds_3_5/s32ds/s32ds/build_tools/gcc_v10.2/gcc-10.2-arm32-eabi/bin/../lib/gcc/arm-none-eabi/10.2.0/thumb/v7e-m/nofp\libgcc.a(_arm_addsubdf3.o)
 .ARM.attributes
                0x000001b5       0x1e d:/s32ds_3_5/s32ds/s32ds/build_tools/gcc_v10.2/gcc-10.2-arm32-eabi/bin/../lib/gcc/arm-none-eabi/10.2.0/thumb/v7e-m/nofp\libgcc.a(_arm_addsubsf3.o)
 .ARM.attributes
                0x000001d3       0x1e d:/s32ds_3_5/s32ds/s32ds/build_tools/gcc_v10.2/gcc-10.2-arm32-eabi/bin/../lib/gcc/arm-none-eabi/10.2.0/thumb/v7e-m/nofp\libgcc.a(_arm_muldivsf3.o)
 .ARM.attributes
                0x000001f1       0x1e d:/s32ds_3_5/s32ds/s32ds/build_tools/gcc_v10.2/gcc-10.2-arm32-eabi/bin/../lib/gcc/arm-none-eabi/10.2.0/thumb/v7e-m/nofp\libgcc.a(_aeabi_uldivmod.o)
 .ARM.attributes
                0x0000020f       0x2e d:/s32ds_3_5/s32ds/s32ds/build_tools/gcc_v10.2/gcc-10.2-arm32-eabi/bin/../lib/gcc/arm-none-eabi/10.2.0/thumb/v7e-m/nofp\libgcc.a(_udivmoddi4.o)
 .ARM.attributes
                0x0000023d       0x1e d:/s32ds_3_5/s32ds/s32ds/build_tools/gcc_v10.2/gcc-10.2-arm32-eabi/bin/../lib/gcc/arm-none-eabi/10.2.0/thumb/v7e-m/nofp\libgcc.a(_dvmd_tls.o)
 .ARM.attributes
                0x0000025b       0x2e d:/s32ds_3_5/s32ds/s32ds/build_tools/gcc_v10.2/gcc-10.2-arm32-eabi/bin/../lib/gcc/arm-none-eabi/10.2.0/../../../../arm-none-eabi/lib/thumb/v7e-m/nofp\libc.a(lib_a-exit.o)
 .ARM.attributes
                0x00000289       0x2e d:/s32ds_3_5/s32ds/s32ds/build_tools/gcc_v10.2/gcc-10.2-arm32-eabi/bin/../lib/gcc/arm-none-eabi/10.2.0/../../../../arm-none-eabi/lib/thumb/v7e-m/nofp\libc.a(lib_a-impure.o)
 .ARM.attributes
                0x000002b7       0x2e d:/s32ds_3_5/s32ds/s32ds/build_tools/gcc_v10.2/gcc-10.2-arm32-eabi/bin/../lib/gcc/arm-none-eabi/10.2.0/../../../../arm-none-eabi/lib/thumb/v7e-m/nofp\libc.a(lib_a-init.o)
 .ARM.attributes
                0x000002e5       0x2e d:/s32ds_3_5/s32ds/s32ds/build_tools/gcc_v10.2/gcc-10.2-arm32-eabi/bin/../lib/gcc/arm-none-eabi/10.2.0/../../../../arm-none-eabi/lib/thumb/v7e-m/nofp\libc.a(lib_a-memset.o)
 .ARM.attributes
                0x00000313       0x2e d:/s32ds_3_5/s32ds/s32ds/build_tools/gcc_v10.2/gcc-10.2-arm32-eabi/bin/../lib/gcc/arm-none-eabi/10.2.0/../../../../arm-none-eabi/lib/thumb/v7e-m/nofp\libc.a(lib_a-sprintf.o)
 .ARM.attributes
                0x00000341       0x2e d:/s32ds_3_5/s32ds/s32ds/build_tools/gcc_v10.2/gcc-10.2-arm32-eabi/bin/../lib/gcc/arm-none-eabi/10.2.0/../../../../arm-none-eabi/lib/thumb/v7e-m/nofp\libc.a(lib_a-svfprintf.o)
 .ARM.attributes
                0x0000036f       0x2e d:/s32ds_3_5/s32ds/s32ds/build_tools/gcc_v10.2/gcc-10.2-arm32-eabi/bin/../lib/gcc/arm-none-eabi/10.2.0/../../../../arm-none-eabi/lib/thumb/v7e-m/nofp\libc.a(lib_a-__call_atexit.o)
 .ARM.attributes
                0x0000039d       0x2e d:/s32ds_3_5/s32ds/s32ds/build_tools/gcc_v10.2/gcc-10.2-arm32-eabi/bin/../lib/gcc/arm-none-eabi/10.2.0/../../../../arm-none-eabi/lib/thumb/v7e-m/nofp\libc.a(lib_a-dtoa.o)
 .ARM.attributes
                0x000003cb       0x2e d:/s32ds_3_5/s32ds/s32ds/build_tools/gcc_v10.2/gcc-10.2-arm32-eabi/bin/../lib/gcc/arm-none-eabi/10.2.0/../../../../arm-none-eabi/lib/thumb/v7e-m/nofp\libc.a(lib_a-fini.o)
 .ARM.attributes
                0x000003f9       0x2e d:/s32ds_3_5/s32ds/s32ds/build_tools/gcc_v10.2/gcc-10.2-arm32-eabi/bin/../lib/gcc/arm-none-eabi/10.2.0/../../../../arm-none-eabi/lib/thumb/v7e-m/nofp\libc.a(lib_a-localeconv.o)
 .ARM.attributes
                0x00000427       0x2e d:/s32ds_3_5/s32ds/s32ds/build_tools/gcc_v10.2/gcc-10.2-arm32-eabi/bin/../lib/gcc/arm-none-eabi/10.2.0/../../../../arm-none-eabi/lib/thumb/v7e-m/nofp\libc.a(lib_a-locale.o)
 .ARM.attributes
                0x00000455       0x2e d:/s32ds_3_5/s32ds/s32ds/build_tools/gcc_v10.2/gcc-10.2-arm32-eabi/bin/../lib/gcc/arm-none-eabi/10.2.0/../../../../arm-none-eabi/lib/thumb/v7e-m/nofp\libc.a(lib_a-mallocr.o)
 .ARM.attributes
                0x00000483       0x2e d:/s32ds_3_5/s32ds/s32ds/build_tools/gcc_v10.2/gcc-10.2-arm32-eabi/bin/../lib/gcc/arm-none-eabi/10.2.0/../../../../arm-none-eabi/lib/thumb/v7e-m/nofp\libc.a(lib_a-mbtowc_r.o)
 .ARM.attributes
                0x000004b1       0x1c d:/s32ds_3_5/s32ds/s32ds/build_tools/gcc_v10.2/gcc-10.2-arm32-eabi/bin/../lib/gcc/arm-none-eabi/10.2.0/../../../../arm-none-eabi/lib/thumb/v7e-m/nofp\libc.a(lib_a-memchr.o)
 .ARM.attributes
                0x000004cd       0x2e d:/s32ds_3_5/s32ds/s32ds/build_tools/gcc_v10.2/gcc-10.2-arm32-eabi/bin/../lib/gcc/arm-none-eabi/10.2.0/../../../../arm-none-eabi/lib/thumb/v7e-m/nofp\libc.a(lib_a-memcpy-stub.o)
 .ARM.attributes
                0x000004fb       0x2e d:/s32ds_3_5/s32ds/s32ds/build_tools/gcc_v10.2/gcc-10.2-arm32-eabi/bin/../lib/gcc/arm-none-eabi/10.2.0/../../../../arm-none-eabi/lib/thumb/v7e-m/nofp\libc.a(lib_a-mlock.o)
 .ARM.attributes
                0x00000529       0x2e d:/s32ds_3_5/s32ds/s32ds/build_tools/gcc_v10.2/gcc-10.2-arm32-eabi/bin/../lib/gcc/arm-none-eabi/10.2.0/../../../../arm-none-eabi/lib/thumb/v7e-m/nofp\libc.a(lib_a-mprec.o)
 .ARM.attributes
                0x00000557       0x2e d:/s32ds_3_5/s32ds/s32ds/build_tools/gcc_v10.2/gcc-10.2-arm32-eabi/bin/../lib/gcc/arm-none-eabi/10.2.0/../../../../arm-none-eabi/lib/thumb/v7e-m/nofp\libc.a(lib_a-sbrkr.o)
 .ARM.attributes
                0x00000585       0x17 d:/s32ds_3_5/s32ds/s32ds/build_tools/gcc_v10.2/gcc-10.2-arm32-eabi/bin/../lib/gcc/arm-none-eabi/10.2.0/../../../../arm-none-eabi/lib/thumb/v7e-m/nofp\libc.a(lib_a-strlen.o)
 .ARM.attributes
                0x0000059c       0x2e d:/s32ds_3_5/s32ds/s32ds/build_tools/gcc_v10.2/gcc-10.2-arm32-eabi/bin/../lib/gcc/arm-none-eabi/10.2.0/../../../../arm-none-eabi/lib/thumb/v7e-m/nofp\libc.a(lib_a-svfiprintf.o)
 .ARM.attributes
                0x000005ca       0x2e d:/s32ds_3_5/s32ds/s32ds/build_tools/gcc_v10.2/gcc-10.2-arm32-eabi/bin/../lib/gcc/arm-none-eabi/10.2.0/../../../../arm-none-eabi/lib/thumb/v7e-m/nofp\libc.a(lib_a-wctomb_r.o)
 .ARM.attributes
                0x000005f8       0x2e d:/s32ds_3_5/s32ds/s32ds/build_tools/gcc_v10.2/gcc-10.2-arm32-eabi/bin/../lib/gcc/arm-none-eabi/10.2.0/../../../../arm-none-eabi/lib/thumb/v7e-m/nofp\libc.a(lib_a-assert.o)
 .ARM.attributes
                0x00000626       0x2e d:/s32ds_3_5/s32ds/s32ds/build_tools/gcc_v10.2/gcc-10.2-arm32-eabi/bin/../lib/gcc/arm-none-eabi/10.2.0/../../../../arm-none-eabi/lib/thumb/v7e-m/nofp\libc.a(lib_a-atexit.o)
 .ARM.attributes
                0x00000654       0x2e d:/s32ds_3_5/s32ds/s32ds/build_tools/gcc_v10.2/gcc-10.2-arm32-eabi/bin/../lib/gcc/arm-none-eabi/10.2.0/../../../../arm-none-eabi/lib/thumb/v7e-m/nofp\libc.a(lib_a-callocr.o)
 .ARM.attributes
                0x00000682       0x2e d:/s32ds_3_5/s32ds/s32ds/build_tools/gcc_v10.2/gcc-10.2-arm32-eabi/bin/../lib/gcc/arm-none-eabi/10.2.0/../../../../arm-none-eabi/lib/thumb/v7e-m/nofp\libc.a(lib_a-ctype_.o)
 .ARM.attributes
                0x000006b0       0x2e d:/s32ds_3_5/s32ds/s32ds/build_tools/gcc_v10.2/gcc-10.2-arm32-eabi/bin/../lib/gcc/arm-none-eabi/10.2.0/../../../../arm-none-eabi/lib/thumb/v7e-m/nofp\libc.a(lib_a-fiprintf.o)
 .ARM.attributes
                0x000006de       0x2e d:/s32ds_3_5/s32ds/s32ds/build_tools/gcc_v10.2/gcc-10.2-arm32-eabi/bin/../lib/gcc/arm-none-eabi/10.2.0/../../../../arm-none-eabi/lib/thumb/v7e-m/nofp\libc.a(lib_a-freer.o)
 .ARM.attributes
                0x0000070c       0x2e d:/s32ds_3_5/s32ds/s32ds/build_tools/gcc_v10.2/gcc-10.2-arm32-eabi/bin/../lib/gcc/arm-none-eabi/10.2.0/../../../../arm-none-eabi/lib/thumb/v7e-m/nofp\libc.a(lib_a-memmove.o)
 .ARM.attributes
                0x0000073a       0x2e d:/s32ds_3_5/s32ds/s32ds/build_tools/gcc_v10.2/gcc-10.2-arm32-eabi/bin/../lib/gcc/arm-none-eabi/10.2.0/../../../../arm-none-eabi/lib/thumb/v7e-m/nofp\libc.a(lib_a-reallocr.o)
 .ARM.attributes
                0x00000768       0x2e d:/s32ds_3_5/s32ds/s32ds/build_tools/gcc_v10.2/gcc-10.2-arm32-eabi/bin/../lib/gcc/arm-none-eabi/10.2.0/../../../../arm-none-eabi/lib/thumb/v7e-m/nofp\libc.a(lib_a-reent.o)
 .ARM.attributes
                0x00000796       0x2e d:/s32ds_3_5/s32ds/s32ds/build_tools/gcc_v10.2/gcc-10.2-arm32-eabi/bin/../lib/gcc/arm-none-eabi/10.2.0/../../../../arm-none-eabi/lib/thumb/v7e-m/nofp\libc.a(lib_a-vfiprintf.o)
 .ARM.attributes
                0x000007c4       0x2e d:/s32ds_3_5/s32ds/s32ds/build_tools/gcc_v10.2/gcc-10.2-arm32-eabi/bin/../lib/gcc/arm-none-eabi/10.2.0/../../../../arm-none-eabi/lib/thumb/v7e-m/nofp\libc.a(lib_a-wsetup.o)
 .ARM.attributes
                0x000007f2       0x2e d:/s32ds_3_5/s32ds/s32ds/build_tools/gcc_v10.2/gcc-10.2-arm32-eabi/bin/../lib/gcc/arm-none-eabi/10.2.0/../../../../arm-none-eabi/lib/thumb/v7e-m/nofp\libc.a(lib_a-abort.o)
 .ARM.attributes
                0x00000820       0x2e d:/s32ds_3_5/s32ds/s32ds/build_tools/gcc_v10.2/gcc-10.2-arm32-eabi/bin/../lib/gcc/arm-none-eabi/10.2.0/../../../../arm-none-eabi/lib/thumb/v7e-m/nofp\libc.a(lib_a-__atexit.o)
 .ARM.attributes
                0x0000084e       0x2e d:/s32ds_3_5/s32ds/s32ds/build_tools/gcc_v10.2/gcc-10.2-arm32-eabi/bin/../lib/gcc/arm-none-eabi/10.2.0/../../../../arm-none-eabi/lib/thumb/v7e-m/nofp\libc.a(lib_a-fflush.o)
 .ARM.attributes
                0x0000087c       0x2e d:/s32ds_3_5/s32ds/s32ds/build_tools/gcc_v10.2/gcc-10.2-arm32-eabi/bin/../lib/gcc/arm-none-eabi/10.2.0/../../../../arm-none-eabi/lib/thumb/v7e-m/nofp\libc.a(lib_a-findfp.o)
 .ARM.attributes
                0x000008aa       0x2e d:/s32ds_3_5/s32ds/s32ds/build_tools/gcc_v10.2/gcc-10.2-arm32-eabi/bin/../lib/gcc/arm-none-eabi/10.2.0/../../../../arm-none-eabi/lib/thumb/v7e-m/nofp\libc.a(lib_a-fputwc.o)
 .ARM.attributes
                0x000008d8       0x2e d:/s32ds_3_5/s32ds/s32ds/build_tools/gcc_v10.2/gcc-10.2-arm32-eabi/bin/../lib/gcc/arm-none-eabi/10.2.0/../../../../arm-none-eabi/lib/thumb/v7e-m/nofp\libc.a(lib_a-fvwrite.o)
 .ARM.attributes
                0x00000906       0x2e d:/s32ds_3_5/s32ds/s32ds/build_tools/gcc_v10.2/gcc-10.2-arm32-eabi/bin/../lib/gcc/arm-none-eabi/10.2.0/../../../../arm-none-eabi/lib/thumb/v7e-m/nofp\libc.a(lib_a-fwalk.o)
 .ARM.attributes
                0x00000934       0x2e d:/s32ds_3_5/s32ds/s32ds/build_tools/gcc_v10.2/gcc-10.2-arm32-eabi/bin/../lib/gcc/arm-none-eabi/10.2.0/../../../../arm-none-eabi/lib/thumb/v7e-m/nofp\libc.a(lib_a-makebuf.o)
 .ARM.attributes
                0x00000962       0x2e d:/s32ds_3_5/s32ds/s32ds/build_tools/gcc_v10.2/gcc-10.2-arm32-eabi/bin/../lib/gcc/arm-none-eabi/10.2.0/../../../../arm-none-eabi/lib/thumb/v7e-m/nofp\libc.a(lib_a-signal.o)
 .ARM.attributes
                0x00000990       0x2e d:/s32ds_3_5/s32ds/s32ds/build_tools/gcc_v10.2/gcc-10.2-arm32-eabi/bin/../lib/gcc/arm-none-eabi/10.2.0/../../../../arm-none-eabi/lib/thumb/v7e-m/nofp\libc.a(lib_a-signalr.o)
 .ARM.attributes
                0x000009be       0x2e d:/s32ds_3_5/s32ds/s32ds/build_tools/gcc_v10.2/gcc-10.2-arm32-eabi/bin/../lib/gcc/arm-none-eabi/10.2.0/../../../../arm-none-eabi/lib/thumb/v7e-m/nofp\libc.a(lib_a-stdio.o)
 .ARM.attributes
                0x000009ec       0x2e d:/s32ds_3_5/s32ds/s32ds/build_tools/gcc_v10.2/gcc-10.2-arm32-eabi/bin/../lib/gcc/arm-none-eabi/10.2.0/../../../../arm-none-eabi/lib/thumb/v7e-m/nofp\libc.a(lib_a-wbuf.o)
 .ARM.attributes
                0x00000a1a       0x2e d:/s32ds_3_5/s32ds/s32ds/build_tools/gcc_v10.2/gcc-10.2-arm32-eabi/bin/../lib/gcc/arm-none-eabi/10.2.0/../../../../arm-none-eabi/lib/thumb/v7e-m/nofp\libc.a(lib_a-wcrtomb.o)
 .ARM.attributes
                0x00000a48       0x2e d:/s32ds_3_5/s32ds/s32ds/build_tools/gcc_v10.2/gcc-10.2-arm32-eabi/bin/../lib/gcc/arm-none-eabi/10.2.0/../../../../arm-none-eabi/lib/thumb/v7e-m/nofp\libc.a(lib_a-writer.o)
 .ARM.attributes
                0x00000a76       0x2e d:/s32ds_3_5/s32ds/s32ds/build_tools/gcc_v10.2/gcc-10.2-arm32-eabi/bin/../lib/gcc/arm-none-eabi/10.2.0/../../../../arm-none-eabi/lib/thumb/v7e-m/nofp\libc.a(lib_a-closer.o)
 .ARM.attributes
                0x00000aa4       0x2e d:/s32ds_3_5/s32ds/s32ds/build_tools/gcc_v10.2/gcc-10.2-arm32-eabi/bin/../lib/gcc/arm-none-eabi/10.2.0/../../../../arm-none-eabi/lib/thumb/v7e-m/nofp\libc.a(lib_a-fclose.o)
 .ARM.attributes
                0x00000ad2       0x2e d:/s32ds_3_5/s32ds/s32ds/build_tools/gcc_v10.2/gcc-10.2-arm32-eabi/bin/../lib/gcc/arm-none-eabi/10.2.0/../../../../arm-none-eabi/lib/thumb/v7e-m/nofp\libc.a(lib_a-fstatr.o)
 .ARM.attributes
                0x00000b00       0x2e d:/s32ds_3_5/s32ds/s32ds/build_tools/gcc_v10.2/gcc-10.2-arm32-eabi/bin/../lib/gcc/arm-none-eabi/10.2.0/../../../../arm-none-eabi/lib/thumb/v7e-m/nofp\libc.a(lib_a-isattyr.o)
 .ARM.attributes
                0x00000b2e       0x2e d:/s32ds_3_5/s32ds/s32ds/build_tools/gcc_v10.2/gcc-10.2-arm32-eabi/bin/../lib/gcc/arm-none-eabi/10.2.0/../../../../arm-none-eabi/lib/thumb/v7e-m/nofp\libc.a(lib_a-lseekr.o)
 .ARM.attributes
                0x00000b5c       0x2e d:/s32ds_3_5/s32ds/s32ds/build_tools/gcc_v10.2/gcc-10.2-arm32-eabi/bin/../lib/gcc/arm-none-eabi/10.2.0/../../../../arm-none-eabi/lib/thumb/v7e-m/nofp\libc.a(lib_a-readr.o)
 .ARM.attributes
                0x00000b8a       0x1e d:/s32ds_3_5/s32ds/s32ds/build_tools/gcc_v10.2/gcc-10.2-arm32-eabi/bin/../lib/gcc/arm-none-eabi/10.2.0/thumb/v7e-m/nofp\libgcc.a(_arm_muldivdf3.o)
 .ARM.attributes
                0x00000ba8       0x1e d:/s32ds_3_5/s32ds/s32ds/build_tools/gcc_v10.2/gcc-10.2-arm32-eabi/bin/../lib/gcc/arm-none-eabi/10.2.0/thumb/v7e-m/nofp\libgcc.a(_arm_cmpdf2.o)
 .ARM.attributes
                0x00000bc6       0x1e d:/s32ds_3_5/s32ds/s32ds/build_tools/gcc_v10.2/gcc-10.2-arm32-eabi/bin/../lib/gcc/arm-none-eabi/10.2.0/thumb/v7e-m/nofp\libgcc.a(_arm_unorddf2.o)
 .ARM.attributes
                0x00000be4       0x1e d:/s32ds_3_5/s32ds/s32ds/build_tools/gcc_v10.2/gcc-10.2-arm32-eabi/bin/../lib/gcc/arm-none-eabi/10.2.0/thumb/v7e-m/nofp\libgcc.a(_arm_fixdfsi.o)
 .ARM.attributes
                0x00000c02       0x2e d:/s32ds_3_5/s32ds/s32ds/build_tools/gcc_v10.2/gcc-10.2-arm32-eabi/bin/../lib/gcc/arm-none-eabi/10.2.0/../../../../arm-none-eabi/lib/thumb/v7e-m/nofp\libnosys.a(close.o)
 .ARM.attributes
                0x00000c30       0x2e d:/s32ds_3_5/s32ds/s32ds/build_tools/gcc_v10.2/gcc-10.2-arm32-eabi/bin/../lib/gcc/arm-none-eabi/10.2.0/../../../../arm-none-eabi/lib/thumb/v7e-m/nofp\libnosys.a(fstat.o)
 .ARM.attributes
                0x00000c5e       0x2e d:/s32ds_3_5/s32ds/s32ds/build_tools/gcc_v10.2/gcc-10.2-arm32-eabi/bin/../lib/gcc/arm-none-eabi/10.2.0/../../../../arm-none-eabi/lib/thumb/v7e-m/nofp\libnosys.a(getpid.o)
 .ARM.attributes
                0x00000c8c       0x2e d:/s32ds_3_5/s32ds/s32ds/build_tools/gcc_v10.2/gcc-10.2-arm32-eabi/bin/../lib/gcc/arm-none-eabi/10.2.0/../../../../arm-none-eabi/lib/thumb/v7e-m/nofp\libnosys.a(isatty.o)
 .ARM.attributes
                0x00000cba       0x2e d:/s32ds_3_5/s32ds/s32ds/build_tools/gcc_v10.2/gcc-10.2-arm32-eabi/bin/../lib/gcc/arm-none-eabi/10.2.0/../../../../arm-none-eabi/lib/thumb/v7e-m/nofp\libnosys.a(kill.o)
 .ARM.attributes
                0x00000ce8       0x2e d:/s32ds_3_5/s32ds/s32ds/build_tools/gcc_v10.2/gcc-10.2-arm32-eabi/bin/../lib/gcc/arm-none-eabi/10.2.0/../../../../arm-none-eabi/lib/thumb/v7e-m/nofp\libnosys.a(lseek.o)
 .ARM.attributes
                0x00000d16       0x2e d:/s32ds_3_5/s32ds/s32ds/build_tools/gcc_v10.2/gcc-10.2-arm32-eabi/bin/../lib/gcc/arm-none-eabi/10.2.0/../../../../arm-none-eabi/lib/thumb/v7e-m/nofp\libnosys.a(read.o)
 .ARM.attributes
                0x00000d44       0x2e d:/s32ds_3_5/s32ds/s32ds/build_tools/gcc_v10.2/gcc-10.2-arm32-eabi/bin/../lib/gcc/arm-none-eabi/10.2.0/../../../../arm-none-eabi/lib/thumb/v7e-m/nofp\libnosys.a(sbrk.o)
 .ARM.attributes
                0x00000d72       0x2e d:/s32ds_3_5/s32ds/s32ds/build_tools/gcc_v10.2/gcc-10.2-arm32-eabi/bin/../lib/gcc/arm-none-eabi/10.2.0/../../../../arm-none-eabi/lib/thumb/v7e-m/nofp\libnosys.a(write.o)
 .ARM.attributes
                0x00000da0       0x2e d:/s32ds_3_5/s32ds/s32ds/build_tools/gcc_v10.2/gcc-10.2-arm32-eabi/bin/../lib/gcc/arm-none-eabi/10.2.0/../../../../arm-none-eabi/lib/thumb/v7e-m/nofp\libnosys.a(_exit.o)
 .ARM.attributes
                0x00000dce       0x2e d:/s32ds_3_5/s32ds/s32ds/build_tools/gcc_v10.2/gcc-10.2-arm32-eabi/bin/../lib/gcc/arm-none-eabi/10.2.0/thumb/v7e-m/nofp/crtend.o
 .ARM.attributes
                0x00000dfc       0x1e d:/s32ds_3_5/s32ds/s32ds/build_tools/gcc_v10.2/gcc-10.2-arm32-eabi/bin/../lib/gcc/arm-none-eabi/10.2.0/thumb/v7e-m/nofp/crtn.o
                0x00000001                ASSERT ((__StackLimit >= __HeapLimit), region m_data_2 overflowed with stack and heap)
OUTPUT(VehicleMonitor.elf elf32-littlearm)
LOAD linker stubs

.comment        0x00000000       0x88
 .comment       0x00000000       0x88 d:/s32ds_3_5/s32ds/s32ds/build_tools/gcc_v10.2/gcc-10.2-arm32-eabi/bin/../lib/gcc/arm-none-eabi/10.2.0/thumb/v7e-m/nofp/crtbegin.o
                                 0x89 (size before relaxing)
 .comment       0x00000088       0x89 ./Project_Settings/Startup_Code/startup.o
 .comment       0x00000088       0x89 ./Project_Settings/Startup_Code/system_S32K144.o
 .comment       0x00000088       0x89 ./src/clock_init.o
 .comment       0x00000088       0x89 ./src/lpuart1.o
 .comment       0x00000088       0x89 ./src/main.o
 .comment       0x00000088       0x89 ./src/peripheral_init.o
 .comment       0x00000088       0x89 d:/s32ds_3_5/s32ds/s32ds/build_tools/gcc_v10.2/gcc-10.2-arm32-eabi/bin/../lib/gcc/arm-none-eabi/10.2.0/../../../../arm-none-eabi/lib/thumb/v7e-m/nofp\libc.a(lib_a-exit.o)
 .comment       0x00000088       0x89 d:/s32ds_3_5/s32ds/s32ds/build_tools/gcc_v10.2/gcc-10.2-arm32-eabi/bin/../lib/gcc/arm-none-eabi/10.2.0/../../../../arm-none-eabi/lib/thumb/v7e-m/nofp\libc.a(lib_a-impure.o)
 .comment       0x00000088       0x89 d:/s32ds_3_5/s32ds/s32ds/build_tools/gcc_v10.2/gcc-10.2-arm32-eabi/bin/../lib/gcc/arm-none-eabi/10.2.0/../../../../arm-none-eabi/lib/thumb/v7e-m/nofp\libc.a(lib_a-init.o)
 .comment       0x00000088       0x89 d:/s32ds_3_5/s32ds/s32ds/build_tools/gcc_v10.2/gcc-10.2-arm32-eabi/bin/../lib/gcc/arm-none-eabi/10.2.0/../../../../arm-none-eabi/lib/thumb/v7e-m/nofp\libc.a(lib_a-memset.o)
 .comment       0x00000088       0x89 d:/s32ds_3_5/s32ds/s32ds/build_tools/gcc_v10.2/gcc-10.2-arm32-eabi/bin/../lib/gcc/arm-none-eabi/10.2.0/../../../../arm-none-eabi/lib/thumb/v7e-m/nofp\libc.a(lib_a-sprintf.o)
 .comment       0x00000088       0x89 d:/s32ds_3_5/s32ds/s32ds/build_tools/gcc_v10.2/gcc-10.2-arm32-eabi/bin/../lib/gcc/arm-none-eabi/10.2.0/../../../../arm-none-eabi/lib/thumb/v7e-m/nofp\libc.a(lib_a-svfprintf.o)
 .comment       0x00000088       0x89 d:/s32ds_3_5/s32ds/s32ds/build_tools/gcc_v10.2/gcc-10.2-arm32-eabi/bin/../lib/gcc/arm-none-eabi/10.2.0/../../../../arm-none-eabi/lib/thumb/v7e-m/nofp\libc.a(lib_a-__call_atexit.o)
 .comment       0x00000088       0x89 d:/s32ds_3_5/s32ds/s32ds/build_tools/gcc_v10.2/gcc-10.2-arm32-eabi/bin/../lib/gcc/arm-none-eabi/10.2.0/../../../../arm-none-eabi/lib/thumb/v7e-m/nofp\libc.a(lib_a-dtoa.o)
 .comment       0x00000088       0x89 d:/s32ds_3_5/s32ds/s32ds/build_tools/gcc_v10.2/gcc-10.2-arm32-eabi/bin/../lib/gcc/arm-none-eabi/10.2.0/../../../../arm-none-eabi/lib/thumb/v7e-m/nofp\libc.a(lib_a-fini.o)
 .comment       0x00000088       0x89 d:/s32ds_3_5/s32ds/s32ds/build_tools/gcc_v10.2/gcc-10.2-arm32-eabi/bin/../lib/gcc/arm-none-eabi/10.2.0/../../../../arm-none-eabi/lib/thumb/v7e-m/nofp\libc.a(lib_a-localeconv.o)
 .comment       0x00000088       0x89 d:/s32ds_3_5/s32ds/s32ds/build_tools/gcc_v10.2/gcc-10.2-arm32-eabi/bin/../lib/gcc/arm-none-eabi/10.2.0/../../../../arm-none-eabi/lib/thumb/v7e-m/nofp\libc.a(lib_a-locale.o)
 .comment       0x00000088       0x89 d:/s32ds_3_5/s32ds/s32ds/build_tools/gcc_v10.2/gcc-10.2-arm32-eabi/bin/../lib/gcc/arm-none-eabi/10.2.0/../../../../arm-none-eabi/lib/thumb/v7e-m/nofp\libc.a(lib_a-mallocr.o)
 .comment       0x00000088       0x89 d:/s32ds_3_5/s32ds/s32ds/build_tools/gcc_v10.2/gcc-10.2-arm32-eabi/bin/../lib/gcc/arm-none-eabi/10.2.0/../../../../arm-none-eabi/lib/thumb/v7e-m/nofp\libc.a(lib_a-mbtowc_r.o)
 .comment       0x00000088       0x89 d:/s32ds_3_5/s32ds/s32ds/build_tools/gcc_v10.2/gcc-10.2-arm32-eabi/bin/../lib/gcc/arm-none-eabi/10.2.0/../../../../arm-none-eabi/lib/thumb/v7e-m/nofp\libc.a(lib_a-memcpy-stub.o)
 .comment       0x00000088       0x89 d:/s32ds_3_5/s32ds/s32ds/build_tools/gcc_v10.2/gcc-10.2-arm32-eabi/bin/../lib/gcc/arm-none-eabi/10.2.0/../../../../arm-none-eabi/lib/thumb/v7e-m/nofp\libc.a(lib_a-mlock.o)
 .comment       0x00000088       0x89 d:/s32ds_3_5/s32ds/s32ds/build_tools/gcc_v10.2/gcc-10.2-arm32-eabi/bin/../lib/gcc/arm-none-eabi/10.2.0/../../../../arm-none-eabi/lib/thumb/v7e-m/nofp\libc.a(lib_a-mprec.o)
 .comment       0x00000088       0x89 d:/s32ds_3_5/s32ds/s32ds/build_tools/gcc_v10.2/gcc-10.2-arm32-eabi/bin/../lib/gcc/arm-none-eabi/10.2.0/../../../../arm-none-eabi/lib/thumb/v7e-m/nofp\libc.a(lib_a-sbrkr.o)
 .comment       0x00000088       0x89 d:/s32ds_3_5/s32ds/s32ds/build_tools/gcc_v10.2/gcc-10.2-arm32-eabi/bin/../lib/gcc/arm-none-eabi/10.2.0/../../../../arm-none-eabi/lib/thumb/v7e-m/nofp\libc.a(lib_a-svfiprintf.o)
 .comment       0x00000088       0x89 d:/s32ds_3_5/s32ds/s32ds/build_tools/gcc_v10.2/gcc-10.2-arm32-eabi/bin/../lib/gcc/arm-none-eabi/10.2.0/../../../../arm-none-eabi/lib/thumb/v7e-m/nofp\libc.a(lib_a-wctomb_r.o)
 .comment       0x00000088       0x89 d:/s32ds_3_5/s32ds/s32ds/build_tools/gcc_v10.2/gcc-10.2-arm32-eabi/bin/../lib/gcc/arm-none-eabi/10.2.0/../../../../arm-none-eabi/lib/thumb/v7e-m/nofp\libc.a(lib_a-assert.o)
 .comment       0x00000088       0x89 d:/s32ds_3_5/s32ds/s32ds/build_tools/gcc_v10.2/gcc-10.2-arm32-eabi/bin/../lib/gcc/arm-none-eabi/10.2.0/../../../../arm-none-eabi/lib/thumb/v7e-m/nofp\libc.a(lib_a-atexit.o)
 .comment       0x00000088       0x89 d:/s32ds_3_5/s32ds/s32ds/build_tools/gcc_v10.2/gcc-10.2-arm32-eabi/bin/../lib/gcc/arm-none-eabi/10.2.0/../../../../arm-none-eabi/lib/thumb/v7e-m/nofp\libc.a(lib_a-callocr.o)
 .comment       0x00000088       0x89 d:/s32ds_3_5/s32ds/s32ds/build_tools/gcc_v10.2/gcc-10.2-arm32-eabi/bin/../lib/gcc/arm-none-eabi/10.2.0/../../../../arm-none-eabi/lib/thumb/v7e-m/nofp\libc.a(lib_a-ctype_.o)
 .comment       0x00000088       0x89 d:/s32ds_3_5/s32ds/s32ds/build_tools/gcc_v10.2/gcc-10.2-arm32-eabi/bin/../lib/gcc/arm-none-eabi/10.2.0/../../../../arm-none-eabi/lib/thumb/v7e-m/nofp\libc.a(lib_a-fiprintf.o)
 .comment       0x00000088       0x89 d:/s32ds_3_5/s32ds/s32ds/build_tools/gcc_v10.2/gcc-10.2-arm32-eabi/bin/../lib/gcc/arm-none-eabi/10.2.0/../../../../arm-none-eabi/lib/thumb/v7e-m/nofp\libc.a(lib_a-freer.o)
 .comment       0x00000088       0x89 d:/s32ds_3_5/s32ds/s32ds/build_tools/gcc_v10.2/gcc-10.2-arm32-eabi/bin/../lib/gcc/arm-none-eabi/10.2.0/../../../../arm-none-eabi/lib/thumb/v7e-m/nofp\libc.a(lib_a-memmove.o)
 .comment       0x00000088       0x89 d:/s32ds_3_5/s32ds/s32ds/build_tools/gcc_v10.2/gcc-10.2-arm32-eabi/bin/../lib/gcc/arm-none-eabi/10.2.0/../../../../arm-none-eabi/lib/thumb/v7e-m/nofp\libc.a(lib_a-reallocr.o)
 .comment       0x00000088       0x89 d:/s32ds_3_5/s32ds/s32ds/build_tools/gcc_v10.2/gcc-10.2-arm32-eabi/bin/../lib/gcc/arm-none-eabi/10.2.0/../../../../arm-none-eabi/lib/thumb/v7e-m/nofp\libc.a(lib_a-reent.o)
 .comment       0x00000088       0x89 d:/s32ds_3_5/s32ds/s32ds/build_tools/gcc_v10.2/gcc-10.2-arm32-eabi/bin/../lib/gcc/arm-none-eabi/10.2.0/../../../../arm-none-eabi/lib/thumb/v7e-m/nofp\libc.a(lib_a-vfiprintf.o)
 .comment       0x00000088       0x89 d:/s32ds_3_5/s32ds/s32ds/build_tools/gcc_v10.2/gcc-10.2-arm32-eabi/bin/../lib/gcc/arm-none-eabi/10.2.0/../../../../arm-none-eabi/lib/thumb/v7e-m/nofp\libc.a(lib_a-wsetup.o)
 .comment       0x00000088       0x89 d:/s32ds_3_5/s32ds/s32ds/build_tools/gcc_v10.2/gcc-10.2-arm32-eabi/bin/../lib/gcc/arm-none-eabi/10.2.0/../../../../arm-none-eabi/lib/thumb/v7e-m/nofp\libc.a(lib_a-abort.o)
 .comment       0x00000088       0x89 d:/s32ds_3_5/s32ds/s32ds/build_tools/gcc_v10.2/gcc-10.2-arm32-eabi/bin/../lib/gcc/arm-none-eabi/10.2.0/../../../../arm-none-eabi/lib/thumb/v7e-m/nofp\libc.a(lib_a-__atexit.o)
 .comment       0x00000088       0x89 d:/s32ds_3_5/s32ds/s32ds/build_tools/gcc_v10.2/gcc-10.2-arm32-eabi/bin/../lib/gcc/arm-none-eabi/10.2.0/../../../../arm-none-eabi/lib/thumb/v7e-m/nofp\libc.a(lib_a-fflush.o)
 .comment       0x00000088       0x89 d:/s32ds_3_5/s32ds/s32ds/build_tools/gcc_v10.2/gcc-10.2-arm32-eabi/bin/../lib/gcc/arm-none-eabi/10.2.0/../../../../arm-none-eabi/lib/thumb/v7e-m/nofp\libc.a(lib_a-findfp.o)
 .comment       0x00000088       0x89 d:/s32ds_3_5/s32ds/s32ds/build_tools/gcc_v10.2/gcc-10.2-arm32-eabi/bin/../lib/gcc/arm-none-eabi/10.2.0/../../../../arm-none-eabi/lib/thumb/v7e-m/nofp\libc.a(lib_a-fputwc.o)
 .comment       0x00000088       0x89 d:/s32ds_3_5/s32ds/s32ds/build_tools/gcc_v10.2/gcc-10.2-arm32-eabi/bin/../lib/gcc/arm-none-eabi/10.2.0/../../../../arm-none-eabi/lib/thumb/v7e-m/nofp\libc.a(lib_a-fvwrite.o)
 .comment       0x00000088       0x89 d:/s32ds_3_5/s32ds/s32ds/build_tools/gcc_v10.2/gcc-10.2-arm32-eabi/bin/../lib/gcc/arm-none-eabi/10.2.0/../../../../arm-none-eabi/lib/thumb/v7e-m/nofp\libc.a(lib_a-fwalk.o)
 .comment       0x00000088       0x89 d:/s32ds_3_5/s32ds/s32ds/build_tools/gcc_v10.2/gcc-10.2-arm32-eabi/bin/../lib/gcc/arm-none-eabi/10.2.0/../../../../arm-none-eabi/lib/thumb/v7e-m/nofp\libc.a(lib_a-makebuf.o)
 .comment       0x00000088       0x89 d:/s32ds_3_5/s32ds/s32ds/build_tools/gcc_v10.2/gcc-10.2-arm32-eabi/bin/../lib/gcc/arm-none-eabi/10.2.0/../../../../arm-none-eabi/lib/thumb/v7e-m/nofp\libc.a(lib_a-signal.o)
 .comment       0x00000088       0x89 d:/s32ds_3_5/s32ds/s32ds/build_tools/gcc_v10.2/gcc-10.2-arm32-eabi/bin/../lib/gcc/arm-none-eabi/10.2.0/../../../../arm-none-eabi/lib/thumb/v7e-m/nofp\libc.a(lib_a-signalr.o)
 .comment       0x00000088       0x89 d:/s32ds_3_5/s32ds/s32ds/build_tools/gcc_v10.2/gcc-10.2-arm32-eabi/bin/../lib/gcc/arm-none-eabi/10.2.0/../../../../arm-none-eabi/lib/thumb/v7e-m/nofp\libc.a(lib_a-stdio.o)
 .comment       0x00000088       0x89 d:/s32ds_3_5/s32ds/s32ds/build_tools/gcc_v10.2/gcc-10.2-arm32-eabi/bin/../lib/gcc/arm-none-eabi/10.2.0/../../../../arm-none-eabi/lib/thumb/v7e-m/nofp\libc.a(lib_a-wbuf.o)
 .comment       0x00000088       0x89 d:/s32ds_3_5/s32ds/s32ds/build_tools/gcc_v10.2/gcc-10.2-arm32-eabi/bin/../lib/gcc/arm-none-eabi/10.2.0/../../../../arm-none-eabi/lib/thumb/v7e-m/nofp\libc.a(lib_a-wcrtomb.o)
 .comment       0x00000088       0x89 d:/s32ds_3_5/s32ds/s32ds/build_tools/gcc_v10.2/gcc-10.2-arm32-eabi/bin/../lib/gcc/arm-none-eabi/10.2.0/../../../../arm-none-eabi/lib/thumb/v7e-m/nofp\libc.a(lib_a-writer.o)
 .comment       0x00000088       0x89 d:/s32ds_3_5/s32ds/s32ds/build_tools/gcc_v10.2/gcc-10.2-arm32-eabi/bin/../lib/gcc/arm-none-eabi/10.2.0/../../../../arm-none-eabi/lib/thumb/v7e-m/nofp\libc.a(lib_a-closer.o)
 .comment       0x00000088       0x89 d:/s32ds_3_5/s32ds/s32ds/build_tools/gcc_v10.2/gcc-10.2-arm32-eabi/bin/../lib/gcc/arm-none-eabi/10.2.0/../../../../arm-none-eabi/lib/thumb/v7e-m/nofp\libc.a(lib_a-fclose.o)
 .comment       0x00000088       0x89 d:/s32ds_3_5/s32ds/s32ds/build_tools/gcc_v10.2/gcc-10.2-arm32-eabi/bin/../lib/gcc/arm-none-eabi/10.2.0/../../../../arm-none-eabi/lib/thumb/v7e-m/nofp\libc.a(lib_a-fstatr.o)
 .comment       0x00000088       0x89 d:/s32ds_3_5/s32ds/s32ds/build_tools/gcc_v10.2/gcc-10.2-arm32-eabi/bin/../lib/gcc/arm-none-eabi/10.2.0/../../../../arm-none-eabi/lib/thumb/v7e-m/nofp\libc.a(lib_a-isattyr.o)
 .comment       0x00000088       0x89 d:/s32ds_3_5/s32ds/s32ds/build_tools/gcc_v10.2/gcc-10.2-arm32-eabi/bin/../lib/gcc/arm-none-eabi/10.2.0/../../../../arm-none-eabi/lib/thumb/v7e-m/nofp\libc.a(lib_a-lseekr.o)
 .comment       0x00000088       0x89 d:/s32ds_3_5/s32ds/s32ds/build_tools/gcc_v10.2/gcc-10.2-arm32-eabi/bin/../lib/gcc/arm-none-eabi/10.2.0/../../../../arm-none-eabi/lib/thumb/v7e-m/nofp\libc.a(lib_a-readr.o)
 .comment       0x00000088       0x89 d:/s32ds_3_5/s32ds/s32ds/build_tools/gcc_v10.2/gcc-10.2-arm32-eabi/bin/../lib/gcc/arm-none-eabi/10.2.0/../../../../arm-none-eabi/lib/thumb/v7e-m/nofp\libnosys.a(close.o)
 .comment       0x00000088       0x89 d:/s32ds_3_5/s32ds/s32ds/build_tools/gcc_v10.2/gcc-10.2-arm32-eabi/bin/../lib/gcc/arm-none-eabi/10.2.0/../../../../arm-none-eabi/lib/thumb/v7e-m/nofp\libnosys.a(fstat.o)
 .comment       0x00000088       0x89 d:/s32ds_3_5/s32ds/s32ds/build_tools/gcc_v10.2/gcc-10.2-arm32-eabi/bin/../lib/gcc/arm-none-eabi/10.2.0/../../../../arm-none-eabi/lib/thumb/v7e-m/nofp\libnosys.a(getpid.o)
 .comment       0x00000088       0x89 d:/s32ds_3_5/s32ds/s32ds/build_tools/gcc_v10.2/gcc-10.2-arm32-eabi/bin/../lib/gcc/arm-none-eabi/10.2.0/../../../../arm-none-eabi/lib/thumb/v7e-m/nofp\libnosys.a(isatty.o)
 .comment       0x00000088       0x89 d:/s32ds_3_5/s32ds/s32ds/build_tools/gcc_v10.2/gcc-10.2-arm32-eabi/bin/../lib/gcc/arm-none-eabi/10.2.0/../../../../arm-none-eabi/lib/thumb/v7e-m/nofp\libnosys.a(kill.o)
 .comment       0x00000088       0x89 d:/s32ds_3_5/s32ds/s32ds/build_tools/gcc_v10.2/gcc-10.2-arm32-eabi/bin/../lib/gcc/arm-none-eabi/10.2.0/../../../../arm-none-eabi/lib/thumb/v7e-m/nofp\libnosys.a(lseek.o)
 .comment       0x00000088       0x89 d:/s32ds_3_5/s32ds/s32ds/build_tools/gcc_v10.2/gcc-10.2-arm32-eabi/bin/../lib/gcc/arm-none-eabi/10.2.0/../../../../arm-none-eabi/lib/thumb/v7e-m/nofp\libnosys.a(read.o)
 .comment       0x00000088       0x89 d:/s32ds_3_5/s32ds/s32ds/build_tools/gcc_v10.2/gcc-10.2-arm32-eabi/bin/../lib/gcc/arm-none-eabi/10.2.0/../../../../arm-none-eabi/lib/thumb/v7e-m/nofp\libnosys.a(sbrk.o)
 .comment       0x00000088       0x89 d:/s32ds_3_5/s32ds/s32ds/build_tools/gcc_v10.2/gcc-10.2-arm32-eabi/bin/../lib/gcc/arm-none-eabi/10.2.0/../../../../arm-none-eabi/lib/thumb/v7e-m/nofp\libnosys.a(write.o)
 .comment       0x00000088       0x89 d:/s32ds_3_5/s32ds/s32ds/build_tools/gcc_v10.2/gcc-10.2-arm32-eabi/bin/../lib/gcc/arm-none-eabi/10.2.0/../../../../arm-none-eabi/lib/thumb/v7e-m/nofp\libnosys.a(_exit.o)
 .comment       0x00000088       0x89 d:/s32ds_3_5/s32ds/s32ds/build_tools/gcc_v10.2/gcc-10.2-arm32-eabi/bin/../lib/gcc/arm-none-eabi/10.2.0/thumb/v7e-m/nofp/crtend.o

.debug_line     0x00000000     0x27b5
 .debug_line    0x00000000       0x93 d:/s32ds_3_5/s32ds/s32ds/build_tools/gcc_v10.2/gcc-10.2-arm32-eabi/bin/../lib/gcc/arm-none-eabi/10.2.0/../../../../arm-none-eabi/lib/thumb/v7e-m/nofp/crt0.o
 .debug_line    0x00000093      0x398 ./Project_Settings/Startup_Code/startup.o
 .debug_line    0x0000042b       0x91 ./Project_Settings/Startup_Code/startup_S32K144.o
 .debug_line    0x000004bc      0x3cd ./Project_Settings/Startup_Code/system_S32K144.o
 .debug_line    0x00000889      0x36b ./src/clock_init.o
 .debug_line    0x00000bf4      0x603 ./src/lpuart1.o
 .debug_line    0x000011f7      0x4c1 ./src/main.o
 .debug_line    0x000016b8      0x340 ./src/peripheral_init.o
 .debug_line    0x000019f8      0x18e d:/s32ds_3_5/s32ds/s32ds/build_tools/gcc_v10.2/gcc-10.2-arm32-eabi/bin/../lib/gcc/arm-none-eabi/10.2.0/thumb/v7e-m/nofp\libgcc.a(_arm_addsubdf3.o)
 .debug_line    0x00001b86      0x122 d:/s32ds_3_5/s32ds/s32ds/build_tools/gcc_v10.2/gcc-10.2-arm32-eabi/bin/../lib/gcc/arm-none-eabi/10.2.0/thumb/v7e-m/nofp\libgcc.a(_arm_addsubsf3.o)
 .debug_line    0x00001ca8      0x142 d:/s32ds_3_5/s32ds/s32ds/build_tools/gcc_v10.2/gcc-10.2-arm32-eabi/bin/../lib/gcc/arm-none-eabi/10.2.0/thumb/v7e-m/nofp\libgcc.a(_arm_muldivsf3.o)
 .debug_line    0x00001dea       0x68 d:/s32ds_3_5/s32ds/s32ds/build_tools/gcc_v10.2/gcc-10.2-arm32-eabi/bin/../lib/gcc/arm-none-eabi/10.2.0/thumb/v7e-m/nofp\libgcc.a(_aeabi_uldivmod.o)
 .debug_line    0x00001e52      0x59c d:/s32ds_3_5/s32ds/s32ds/build_tools/gcc_v10.2/gcc-10.2-arm32-eabi/bin/../lib/gcc/arm-none-eabi/10.2.0/thumb/v7e-m/nofp\libgcc.a(_udivmoddi4.o)